23:25:19.366 [32m[main][0;39m ERROR [34mo.s.b.d.LoggingFailureAnalysisReporter[0;39m - [report,40] - 

***************************
APPLICATION FAILED TO START
***************************

Description:

A component required a bean of type 'org.apache.rocketmq.spring.core.RocketMQTemplate' that could not be found.


Action:

Consider defining a bean of type 'org.apache.rocketmq.spring.core.RocketMQTemplate' in your configuration.

23:30:00.488 [32m[main][0;39m ERROR [34mo.s.b.d.LoggingFailureAnalysisReporter[0;39m - [report,40] - 

***************************
APPLICATION FAILED TO START
***************************

Description:

Field rocketMQTemplate in cn.fuguang.common.rocketmq.service.RocketMqService required a bean of type 'org.apache.rocketmq.spring.core.RocketMQTemplate' that could not be found.

The injection point has the following annotations:
	- @org.springframework.beans.factory.annotation.Autowired(required=true)


Action:

Consider defining a bean of type 'org.apache.rocketmq.spring.core.RocketMQTemplate' in your configuration.

23:30:35.538 [32m[main][0;39m ERROR [34mo.s.b.d.LoggingFailureAnalysisReporter[0;39m - [report,40] - 

***************************
APPLICATION FAILED TO START
***************************

Description:

A component required a bean of type 'org.apache.rocketmq.spring.core.RocketMQTemplate' that could not be found.


Action:

Consider defining a bean of type 'org.apache.rocketmq.spring.core.RocketMQTemplate' in your configuration.

23:32:29.719 [32m[main][0;39m ERROR [34mo.s.b.d.LoggingFailureAnalysisReporter[0;39m - [report,40] - 

***************************
APPLICATION FAILED TO START
***************************

Description:

A component required a bean of type 'org.apache.rocketmq.spring.core.RocketMQTemplate' that could not be found.


Action:

Consider defining a bean of type 'org.apache.rocketmq.spring.core.RocketMQTemplate' in your configuration.

23:39:02.273 [32m[main][0;39m ERROR [34mo.s.b.SpringApplication[0;39m - [reportFailure,821] - Application run failed
java.lang.IllegalStateException: Unable to read meta-data for class cn.fuguang.common.rocketmq.service.RocketMQAutoConfiguration
	at org.springframework.boot.autoconfigure.AutoConfigurationSorter$AutoConfigurationClass.getAnnotationMetadata(AutoConfigurationSorter.java:237)
	at org.springframework.boot.autoconfigure.AutoConfigurationSorter$AutoConfigurationClass.getOrder(AutoConfigurationSorter.java:208)
	at org.springframework.boot.autoconfigure.AutoConfigurationSorter$AutoConfigurationClass.access$000(AutoConfigurationSorter.java:154)
	at org.springframework.boot.autoconfigure.AutoConfigurationSorter.lambda$getInPriorityOrder$0(AutoConfigurationSorter.java:63)
	at java.util.TimSort.countRunAndMakeAscending(TimSort.java:360)
	at java.util.TimSort.sort(TimSort.java:234)
	at java.util.Arrays.sort(Arrays.java:1512)
	at java.util.ArrayList.sort(ArrayList.java:1464)
	at org.springframework.boot.autoconfigure.AutoConfigurationSorter.getInPriorityOrder(AutoConfigurationSorter.java:62)
	at org.springframework.boot.autoconfigure.AutoConfigurationImportSelector$AutoConfigurationGroup.sortAutoConfigurations(AutoConfigurationImportSelector.java:474)
	at org.springframework.boot.autoconfigure.AutoConfigurationImportSelector$AutoConfigurationGroup.selectImports(AutoConfigurationImportSelector.java:459)
	at org.springframework.context.annotation.ConfigurationClassParser$DeferredImportSelectorGrouping.getImports(ConfigurationClassParser.java:882)
	at org.springframework.context.annotation.ConfigurationClassParser$DeferredImportSelectorGroupingHandler.processGroupImports(ConfigurationClassParser.java:809)
	at org.springframework.context.annotation.ConfigurationClassParser$DeferredImportSelectorHandler.process(ConfigurationClassParser.java:780)
	at org.springframework.context.annotation.ConfigurationClassParser.parse(ConfigurationClassParser.java:192)
	at org.springframework.context.annotation.ConfigurationClassPostProcessor.processConfigBeanDefinitions(ConfigurationClassPostProcessor.java:331)
	at org.springframework.context.annotation.ConfigurationClassPostProcessor.postProcessBeanDefinitionRegistry(ConfigurationClassPostProcessor.java:247)
	at org.springframework.context.support.PostProcessorRegistrationDelegate.invokeBeanDefinitionRegistryPostProcessors(PostProcessorRegistrationDelegate.java:311)
	at org.springframework.context.support.PostProcessorRegistrationDelegate.invokeBeanFactoryPostProcessors(PostProcessorRegistrationDelegate.java:112)
	at org.springframework.context.support.AbstractApplicationContext.invokeBeanFactoryPostProcessors(AbstractApplicationContext.java:746)
	at org.springframework.context.support.AbstractApplicationContext.refresh(AbstractApplicationContext.java:564)
	at org.springframework.boot.web.servlet.context.ServletWebServerApplicationContext.refresh(ServletWebServerApplicationContext.java:147)
	at org.springframework.boot.SpringApplication.refresh(SpringApplication.java:731)
	at org.springframework.boot.SpringApplication.refreshContext(SpringApplication.java:408)
	at org.springframework.boot.SpringApplication.run(SpringApplication.java:307)
	at org.springframework.boot.SpringApplication.run(SpringApplication.java:1303)
	at org.springframework.boot.SpringApplication.run(SpringApplication.java:1292)
	at cn.fuguang.order.ContainerOrderApplication.main(ContainerOrderApplication.java:16)
Caused by: java.io.FileNotFoundException: class path resource [cn/fuguang/common/rocketmq/service/RocketMQAutoConfiguration.class] cannot be opened because it does not exist
	at org.springframework.core.io.ClassPathResource.getInputStream(ClassPathResource.java:199)
	at org.springframework.core.type.classreading.SimpleMetadataReader.getClassReader(SimpleMetadataReader.java:55)
	at org.springframework.core.type.classreading.SimpleMetadataReader.<init>(SimpleMetadataReader.java:48)
	at org.springframework.core.type.classreading.SimpleMetadataReaderFactory.getMetadataReader(SimpleMetadataReaderFactory.java:103)
	at org.springframework.boot.type.classreading.ConcurrentReferenceCachingMetadataReaderFactory.createMetadataReader(ConcurrentReferenceCachingMetadataReaderFactory.java:86)
	at org.springframework.boot.type.classreading.ConcurrentReferenceCachingMetadataReaderFactory.getMetadataReader(ConcurrentReferenceCachingMetadataReaderFactory.java:73)
	at org.springframework.core.type.classreading.SimpleMetadataReaderFactory.getMetadataReader(SimpleMetadataReaderFactory.java:81)
	at org.springframework.boot.autoconfigure.AutoConfigurationSorter$AutoConfigurationClass.getAnnotationMetadata(AutoConfigurationSorter.java:233)
	... 27 common frames omitted
23:39:37.965 [32m[main][0;39m ERROR [34mo.s.b.d.LoggingFailureAnalysisReporter[0;39m - [report,40] - 

***************************
APPLICATION FAILED TO START
***************************

Description:

A component required a bean of type 'org.apache.rocketmq.spring.core.RocketMQTemplate' that could not be found.


Action:

Consider defining a bean of type 'org.apache.rocketmq.spring.core.RocketMQTemplate' in your configuration.

23:40:22.891 [32m[main][0;39m ERROR [34mo.s.b.d.LoggingFailureAnalysisReporter[0;39m - [report,40] - 

***************************
APPLICATION FAILED TO START
***************************

Description:

A component required a bean of type 'cn.fuguang.common.rocketmq.service.RocketMqService' that could not be found.


Action:

Consider defining a bean of type 'cn.fuguang.common.rocketmq.service.RocketMqService' in your configuration.

23:41:03.063 [32m[main][0;39m ERROR [34mo.s.b.d.LoggingFailureAnalysisReporter[0;39m - [report,40] - 

***************************
APPLICATION FAILED TO START
***************************

Description:

A component required a bean of type 'org.apache.rocketmq.spring.core.RocketMQTemplate' that could not be found.


Action:

Consider defining a bean of type 'org.apache.rocketmq.spring.core.RocketMQTemplate' in your configuration.

