09:39:12.879 [32m[main][0;39m INFO  [34mc.a.n.c.r.client[0;39m - [lambda$createClient$0,80] - [RpcClientFactory] create a new rpc client of dbdb041a-b2db-4376-9165-68f780fb2ba6_config-0
09:39:12.939 [32m[main][0;39m INFO  [34mo.r.Reflections[0;39m - [scan,232] - Reflections took 41 ms to scan 1 urls, producing 3 keys and 6 values 
09:39:12.967 [32m[main][0;39m INFO  [34mo.r.Reflections[0;39m - [scan,232] - Reflections took 14 ms to scan 1 urls, producing 4 keys and 9 values 
09:39:12.990 [32m[main][0;39m INFO  [34mo.r.Reflections[0;39m - [scan,232] - Reflections took 15 ms to scan 1 urls, producing 3 keys and 10 values 
09:39:13.111 [32m[main][0;39m INFO  [34mo.r.Reflections[0;39m - [scan,232] - Reflections took 115 ms to scan 137 urls, producing 0 keys and 0 values 
09:39:13.122 [32m[main][0;39m INFO  [34mo.r.Reflections[0;39m - [scan,232] - Reflections took 9 ms to scan 1 urls, producing 1 keys and 5 values 
09:39:13.137 [32m[main][0;39m INFO  [34mo.r.Reflections[0;39m - [scan,232] - Reflections took 12 ms to scan 1 urls, producing 1 keys and 7 values 
09:39:13.149 [32m[main][0;39m INFO  [34mo.r.Reflections[0;39m - [scan,232] - Reflections took 7 ms to scan 1 urls, producing 2 keys and 8 values 
09:39:13.248 [32m[main][0;39m INFO  [34mo.r.Reflections[0;39m - [scan,232] - Reflections took 97 ms to scan 137 urls, producing 0 keys and 0 values 
09:39:13.252 [32m[main][0;39m INFO  [34mc.a.n.c.r.client[0;39m - [printIfInfoEnabled,60] - [dbdb041a-b2db-4376-9165-68f780fb2ba6_config-0] RpcClient init label, labels = {module=config, Vipserver-Tag=null, source=sdk, Amory-Tag=null, Location-Tag=null, taskId=0, AppName=unknown}
09:39:13.258 [32m[main][0;39m INFO  [34mc.a.n.c.r.client[0;39m - [printIfInfoEnabled,60] - [dbdb041a-b2db-4376-9165-68f780fb2ba6_config-0] Register server push request handler:com.alibaba.nacos.client.config.impl.ClientWorker$ConfigRpcTransportClient$$Lambda$325/987950392
09:39:13.258 [32m[main][0;39m INFO  [34mc.a.n.c.r.client[0;39m - [printIfInfoEnabled,60] - [dbdb041a-b2db-4376-9165-68f780fb2ba6_config-0] Register server push request handler:com.alibaba.nacos.client.config.impl.ClientWorker$ConfigRpcTransportClient$$Lambda$326/2136419383
09:39:13.259 [32m[main][0;39m INFO  [34mc.a.n.c.r.client[0;39m - [printIfInfoEnabled,60] - [dbdb041a-b2db-4376-9165-68f780fb2ba6_config-0] Registry connection listener to current client:com.alibaba.nacos.client.config.impl.ClientWorker$ConfigRpcTransportClient$1
09:39:13.260 [32m[main][0;39m INFO  [34mc.a.n.c.r.client[0;39m - [printIfInfoEnabled,60] - [dbdb041a-b2db-4376-9165-68f780fb2ba6_config-0] RpcClient init, ServerListFactory = com.alibaba.nacos.client.config.impl.ClientWorker$ConfigRpcTransportClient$2
09:39:13.269 [32m[main][0;39m INFO  [34mc.a.n.c.r.client[0;39m - [printIfInfoEnabled,60] - [dbdb041a-b2db-4376-9165-68f780fb2ba6_config-0] Try to connect to server on start up, server: {serverIp = '123.249.79.51', server main port = 8848}
09:39:13.821 [32m[main][0;39m INFO  [34mc.a.n.c.r.client[0;39m - [printIfInfoEnabled,60] - [dbdb041a-b2db-4376-9165-68f780fb2ba6_config-0] Success to connect to server [123.249.79.51:8848] on start up, connectionId = 1715391555855_111.194.79.77_7339
09:39:13.823 [32m[com.alibaba.nacos.client.remote.worker][0;39m INFO  [34mc.a.n.c.r.client[0;39m - [printIfInfoEnabled,60] - [dbdb041a-b2db-4376-9165-68f780fb2ba6_config-0] Notify connected event to listeners.
09:39:13.823 [32m[main][0;39m INFO  [34mc.a.n.c.r.client[0;39m - [printIfInfoEnabled,60] - [dbdb041a-b2db-4376-9165-68f780fb2ba6_config-0] Register server push request handler:com.alibaba.nacos.common.remote.client.RpcClient$ConnectResetRequestHandler
09:39:13.825 [32m[main][0;39m INFO  [34mc.a.n.c.r.client[0;39m - [printIfInfoEnabled,60] - [dbdb041a-b2db-4376-9165-68f780fb2ba6_config-0] Register server push request handler:com.alibaba.nacos.common.remote.client.RpcClient$$Lambda$334/1148735023
09:39:13.915 [32m[main][0;39m INFO  [34mo.s.c.b.c.PropertySourceBootstrapConfiguration[0;39m - [initialize,109] - Located property source: [BootstrapPropertySource {name='bootstrapProperties-container-order-dev.yaml,CONTAINER_GROUP'}, BootstrapPropertySource {name='bootstrapProperties-container-order.yaml,CONTAINER_GROUP'}, BootstrapPropertySource {name='bootstrapProperties-container-order,CONTAINER_GROUP'}]
09:39:13.957 [32m[main][0;39m INFO  [34mc.f.o.ContainerOrderApplication[0;39m - [logStartupProfileInfo,637] - The following 1 profile is active: "dev"
09:39:14.972 [32m[main][0;39m INFO  [34mo.s.d.r.c.RepositoryConfigurationDelegate[0;39m - [multipleStoresDetected,262] - Multiple Spring Data modules found, entering strict repository configuration mode
09:39:14.974 [32m[main][0;39m INFO  [34mo.s.d.r.c.RepositoryConfigurationDelegate[0;39m - [registerRepositoriesIn,132] - Bootstrapping Spring Data Redis repositories in DEFAULT mode.
09:39:14.997 [32m[main][0;39m INFO  [34mo.s.d.r.c.RepositoryConfigurationDelegate[0;39m - [registerRepositoriesIn,201] - Finished Spring Data repository scanning in 13 ms. Found 0 Redis repository interfaces.
09:39:15.228 [32m[main][0;39m INFO  [34mo.s.c.c.s.GenericScope[0;39m - [setSerializationId,283] - BeanFactory id=279da721-42f8-308d-8ccf-d153b575cc54
09:39:15.398 [32m[main][0;39m INFO  [34mo.s.c.s.PostProcessorRegistrationDelegate$BeanPostProcessorChecker[0;39m - [postProcessAfterInitialization,376] - Bean 'cn.fuguang.common.redis.configure.RedisConfig' of type [cn.fuguang.common.redis.configure.RedisConfig$$EnhancerBySpringCGLIB$$3aaee99e] is not eligible for getting processed by all BeanPostProcessors (for example: not eligible for auto-proxying)
09:39:15.730 [32m[main][0;39m INFO  [34mo.s.b.w.e.t.TomcatWebServer[0;39m - [initialize,108] - Tomcat initialized with port(s): 9960 (http)
09:39:15.739 [32m[main][0;39m INFO  [34mo.a.c.h.Http11NioProtocol[0;39m - [log,173] - Initializing ProtocolHandler ["http-nio-9960"]
09:39:15.740 [32m[main][0;39m INFO  [34mo.a.c.c.StandardService[0;39m - [log,173] - Starting service [Tomcat]
09:39:15.740 [32m[main][0;39m INFO  [34mo.a.c.c.StandardEngine[0;39m - [log,173] - Starting Servlet engine: [Apache Tomcat/9.0.70]
09:39:15.893 [32m[main][0;39m INFO  [34mo.a.c.c.C.[.[.[/order][0;39m - [log,173] - Initializing Spring embedded WebApplicationContext
09:39:15.893 [32m[main][0;39m INFO  [34mo.s.b.w.s.c.ServletWebServerApplicationContext[0;39m - [prepareWebApplicationContext,292] - Root WebApplicationContext: initialization completed in 1914 ms
09:39:16.019 [32m[main][0;39m INFO  [34mc.a.d.s.b.a.DruidDataSourceAutoConfigure[0;39m - [dataSource,55] - Init DruidDataSource
09:39:16.119 [32m[main][0;39m INFO  [34mc.a.d.p.DruidDataSource[0;39m - [init,985] - {dataSource-1} inited
09:39:16.864 [32m[main][0;39m INFO  [34morg.redisson.Version[0;39m - [logVersion,41] - Redisson 3.13.6
09:39:17.323 [32m[redisson-netty-2-22][0;39m INFO  [34mo.r.c.p.MasterPubSubConnectionPool[0;39m - [lambda$run$0,167] - 1 connections initialized for /117.78.8.197:6379
09:39:17.389 [32m[redisson-netty-2-20][0;39m INFO  [34mo.r.c.p.MasterConnectionPool[0;39m - [lambda$run$0,167] - 24 connections initialized for /117.78.8.197:6379
09:39:18.041 [32m[main][0;39m INFO  [34mo.s.b.a.e.w.EndpointLinksResolver[0;39m - [<init>,58] - Exposing 1 endpoint(s) beneath base path '/actuator'
09:39:18.140 [32m[main][0;39m INFO  [34mc.a.n.c.r.client[0;39m - [lambda$createClient$0,80] - [RpcClientFactory] create a new rpc client of 73438ac0-be2d-4359-9311-9e81274b3b31
09:39:18.141 [32m[main][0;39m INFO  [34mc.a.n.c.r.client[0;39m - [printIfInfoEnabled,60] - [73438ac0-be2d-4359-9311-9e81274b3b31] RpcClient init label, labels = {module=naming, source=sdk}
09:39:18.142 [32m[main][0;39m INFO  [34mc.a.n.c.r.client[0;39m - [printIfInfoEnabled,60] - [73438ac0-be2d-4359-9311-9e81274b3b31] RpcClient init, ServerListFactory = com.alibaba.nacos.client.naming.core.ServerListManager
09:39:18.142 [32m[main][0;39m INFO  [34mc.a.n.c.r.client[0;39m - [printIfInfoEnabled,60] - [73438ac0-be2d-4359-9311-9e81274b3b31] Registry connection listener to current client:com.alibaba.nacos.client.naming.remote.gprc.redo.NamingGrpcRedoService
09:39:18.143 [32m[main][0;39m INFO  [34mc.a.n.c.r.client[0;39m - [printIfInfoEnabled,60] - [73438ac0-be2d-4359-9311-9e81274b3b31] Register server push request handler:com.alibaba.nacos.client.naming.remote.gprc.NamingPushRequestHandler
09:39:18.143 [32m[main][0;39m INFO  [34mc.a.n.c.r.client[0;39m - [printIfInfoEnabled,60] - [73438ac0-be2d-4359-9311-9e81274b3b31] Try to connect to server on start up, server: {serverIp = '123.249.79.51', server main port = 8848}
09:39:18.288 [32m[main][0;39m INFO  [34mc.a.n.c.r.client[0;39m - [printIfInfoEnabled,60] - [73438ac0-be2d-4359-9311-9e81274b3b31] Success to connect to server [123.249.79.51:8848] on start up, connectionId = 1715391560374_111.194.79.77_7813
09:39:18.290 [32m[main][0;39m INFO  [34mc.a.n.c.r.client[0;39m - [printIfInfoEnabled,60] - [73438ac0-be2d-4359-9311-9e81274b3b31] Register server push request handler:com.alibaba.nacos.common.remote.client.RpcClient$ConnectResetRequestHandler
09:39:18.290 [32m[com.alibaba.nacos.client.remote.worker][0;39m INFO  [34mc.a.n.c.r.client[0;39m - [printIfInfoEnabled,60] - [73438ac0-be2d-4359-9311-9e81274b3b31] Notify connected event to listeners.
09:39:18.290 [32m[main][0;39m INFO  [34mc.a.n.c.r.client[0;39m - [printIfInfoEnabled,60] - [73438ac0-be2d-4359-9311-9e81274b3b31] Register server push request handler:com.alibaba.nacos.common.remote.client.RpcClient$$Lambda$334/1148735023
09:39:18.375 [32m[main][0;39m INFO  [34mo.a.c.h.Http11NioProtocol[0;39m - [log,173] - Starting ProtocolHandler ["http-nio-9960"]
09:39:18.390 [32m[main][0;39m INFO  [34mo.s.b.w.e.t.TomcatWebServer[0;39m - [start,220] - Tomcat started on port(s): 9960 (http) with context path '/order'
09:39:18.417 [32m[main][0;39m INFO  [34mc.a.c.n.r.NacosServiceRegistry[0;39m - [register,75] - nacos registry, DEFAULT_GROUP container-order 192.168.2.102:9960 register finished
09:39:18.440 [32m[main][0;39m INFO  [34mc.f.o.ContainerOrderApplication[0;39m - [logStarted,61] - Started ContainerOrderApplication in 6.641 seconds (JVM running for 7.893)
09:39:18.449 [32m[main][0;39m INFO  [34mc.a.c.n.r.NacosContextRefresher[0;39m - [registerNacosListener,129] - [Nacos Config] Listening config: dataId=container-order.yaml, group=CONTAINER_GROUP
09:39:18.450 [32m[main][0;39m INFO  [34mc.a.c.n.r.NacosContextRefresher[0;39m - [registerNacosListener,129] - [Nacos Config] Listening config: dataId=container-order, group=CONTAINER_GROUP
09:39:18.452 [32m[main][0;39m INFO  [34mc.a.c.n.r.NacosContextRefresher[0;39m - [registerNacosListener,129] - [Nacos Config] Listening config: dataId=container-order-dev.yaml, group=CONTAINER_GROUP
09:39:18.939 [32m[nacos-grpc-client-executor-10][0;39m INFO  [34mc.a.n.c.r.client[0;39m - [printIfInfoEnabled,60] - [73438ac0-be2d-4359-9311-9e81274b3b31] Receive server push request, request = NotifySubscriberRequest, requestId = 33
09:39:18.965 [32m[nacos-grpc-client-executor-10][0;39m INFO  [34mc.a.n.c.r.client[0;39m - [printIfInfoEnabled,60] - [73438ac0-be2d-4359-9311-9e81274b3b31] Ack server push request, request = NotifySubscriberRequest, requestId = 33
09:39:19.034 [32m[RMI TCP Connection(3)-192.168.2.102][0;39m INFO  [34mo.a.c.c.C.[.[.[/order][0;39m - [log,173] - Initializing Spring DispatcherServlet 'dispatcherServlet'
09:39:19.037 [32m[RMI TCP Connection(3)-192.168.2.102][0;39m INFO  [34mo.s.w.s.DispatcherServlet[0;39m - [initServletBean,525] - Initializing Servlet 'dispatcherServlet'
09:39:19.041 [32m[RMI TCP Connection(3)-192.168.2.102][0;39m INFO  [34mo.s.w.s.DispatcherServlet[0;39m - [initServletBean,547] - Completed initialization in 3 ms
09:39:30.359 [32m[SpringApplicationShutdownHook][0;39m INFO  [34mc.a.c.n.r.NacosServiceRegistry[0;39m - [deregister,94] - De-registering from Nacos Server now...
09:39:30.385 [32m[SpringApplicationShutdownHook][0;39m INFO  [34mc.a.c.n.r.NacosServiceRegistry[0;39m - [deregister,114] - De-registration finished.
09:39:30.709 [32m[SpringApplicationShutdownHook][0;39m INFO  [34mc.a.n.c.r.client[0;39m - [shutdown,454] - Shutdown rpc client, set status to shutdown
09:39:30.710 [32m[SpringApplicationShutdownHook][0;39m INFO  [34mc.a.n.c.r.client[0;39m - [shutdown,456] - Shutdown client event executor java.util.concurrent.ScheduledThreadPoolExecutor@13dedeaa[Running, pool size = 2, active threads = 2, queued tasks = 0, completed tasks = 0]
09:39:30.710 [32m[SpringApplicationShutdownHook][0;39m INFO  [34mc.a.n.c.r.client[0;39m - [closeConnection,591] - Close current connection 1715391560374_111.194.79.77_7813
09:39:30.716 [32m[SpringApplicationShutdownHook][0;39m INFO  [34mc.a.n.c.r.c.g.GrpcClient[0;39m - [shutdown,85] - Shutdown grpc executor java.util.concurrent.ThreadPoolExecutor@6021af02[Running, pool size = 8, active threads = 0, queued tasks = 0, completed tasks = 22]
09:39:30.852 [32m[SpringApplicationShutdownHook][0;39m INFO  [34mc.a.d.p.DruidDataSource[0;39m - [close,2105] - {dataSource-1} closing ...
09:39:30.882 [32m[SpringApplicationShutdownHook][0;39m INFO  [34mc.a.d.p.DruidDataSource[0;39m - [close,2178] - {dataSource-1} closed
