22:27:45.810 [32m[main][0;39m INFO  [34mc.a.n.c.r.client[0;39m - [lambda$createClient$0,80] - [RpcClientFactory] create a new rpc client of 0646f6e9-ed42-476d-8cc0-9460f0ee44f0_config-0
22:27:45.873 [32m[main][0;39m INFO  [34mo.r.Reflections[0;39m - [scan,232] - Reflections took 42 ms to scan 1 urls, producing 3 keys and 6 values 
22:27:45.900 [32m[main][0;39m INFO  [34mo.r.Reflections[0;39m - [scan,232] - Reflections took 15 ms to scan 1 urls, producing 4 keys and 9 values 
22:27:45.917 [32m[main][0;39m INFO  [34mo.r.Reflections[0;39m - [scan,232] - Reflections took 14 ms to scan 1 urls, producing 3 keys and 10 values 
22:27:46.049 [32m[main][0;39m INFO  [34mo.r.Reflections[0;39m - [scan,232] - Reflections took 128 ms to scan 152 urls, producing 0 keys and 0 values 
22:27:46.066 [32m[main][0;39m INFO  [34mo.r.Reflections[0;39m - [scan,232] - Reflections took 11 ms to scan 1 urls, producing 1 keys and 5 values 
22:27:46.080 [32m[main][0;39m INFO  [34mo.r.Reflections[0;39m - [scan,232] - Reflections took 10 ms to scan 1 urls, producing 1 keys and 7 values 
22:27:46.091 [32m[main][0;39m INFO  [34mo.r.Reflections[0;39m - [scan,232] - Reflections took 8 ms to scan 1 urls, producing 2 keys and 8 values 
22:27:46.206 [32m[main][0;39m INFO  [34mo.r.Reflections[0;39m - [scan,232] - Reflections took 111 ms to scan 152 urls, producing 0 keys and 0 values 
22:27:46.209 [32m[main][0;39m INFO  [34mc.a.n.c.r.client[0;39m - [printIfInfoEnabled,60] - [0646f6e9-ed42-476d-8cc0-9460f0ee44f0_config-0] RpcClient init label, labels = {module=config, Vipserver-Tag=null, source=sdk, Amory-Tag=null, Location-Tag=null, taskId=0, AppName=unknown}
22:27:46.216 [32m[main][0;39m INFO  [34mc.a.n.c.r.client[0;39m - [printIfInfoEnabled,60] - [0646f6e9-ed42-476d-8cc0-9460f0ee44f0_config-0] Register server push request handler:com.alibaba.nacos.client.config.impl.ClientWorker$ConfigRpcTransportClient$$Lambda$325/1830231264
22:27:46.217 [32m[main][0;39m INFO  [34mc.a.n.c.r.client[0;39m - [printIfInfoEnabled,60] - [0646f6e9-ed42-476d-8cc0-9460f0ee44f0_config-0] Register server push request handler:com.alibaba.nacos.client.config.impl.ClientWorker$ConfigRpcTransportClient$$Lambda$326/582819897
22:27:46.219 [32m[main][0;39m INFO  [34mc.a.n.c.r.client[0;39m - [printIfInfoEnabled,60] - [0646f6e9-ed42-476d-8cc0-9460f0ee44f0_config-0] Registry connection listener to current client:com.alibaba.nacos.client.config.impl.ClientWorker$ConfigRpcTransportClient$1
22:27:46.223 [32m[main][0;39m INFO  [34mc.a.n.c.r.client[0;39m - [printIfInfoEnabled,60] - [0646f6e9-ed42-476d-8cc0-9460f0ee44f0_config-0] RpcClient init, ServerListFactory = com.alibaba.nacos.client.config.impl.ClientWorker$ConfigRpcTransportClient$2
22:27:46.245 [32m[main][0;39m INFO  [34mc.a.n.c.r.client[0;39m - [printIfInfoEnabled,60] - [0646f6e9-ed42-476d-8cc0-9460f0ee44f0_config-0] Try to connect to server on start up, server: {serverIp = '123.249.79.51', server main port = 8848}
22:27:46.881 [32m[main][0;39m INFO  [34mc.a.n.c.r.client[0;39m - [printIfInfoEnabled,60] - [0646f6e9-ed42-476d-8cc0-9460f0ee44f0_config-0] Success to connect to server [123.249.79.51:8848] on start up, connectionId = 1715869666775_111.194.79.77_6603
22:27:46.886 [32m[com.alibaba.nacos.client.remote.worker][0;39m INFO  [34mc.a.n.c.r.client[0;39m - [printIfInfoEnabled,60] - [0646f6e9-ed42-476d-8cc0-9460f0ee44f0_config-0] Notify connected event to listeners.
22:27:46.887 [32m[main][0;39m INFO  [34mc.a.n.c.r.client[0;39m - [printIfInfoEnabled,60] - [0646f6e9-ed42-476d-8cc0-9460f0ee44f0_config-0] Register server push request handler:com.alibaba.nacos.common.remote.client.RpcClient$ConnectResetRequestHandler
22:27:46.895 [32m[main][0;39m INFO  [34mc.a.n.c.r.client[0;39m - [printIfInfoEnabled,60] - [0646f6e9-ed42-476d-8cc0-9460f0ee44f0_config-0] Register server push request handler:com.alibaba.nacos.common.remote.client.RpcClient$$Lambda$334/2101086700
22:27:47.014 [32m[main][0;39m INFO  [34mo.s.c.b.c.PropertySourceBootstrapConfiguration[0;39m - [initialize,109] - Located property source: [BootstrapPropertySource {name='bootstrapProperties-container-order-dev.yaml,CONTAINER_GROUP'}, BootstrapPropertySource {name='bootstrapProperties-container-order.yaml,CONTAINER_GROUP'}, BootstrapPropertySource {name='bootstrapProperties-container-order,CONTAINER_GROUP'}]
22:27:47.070 [32m[main][0;39m INFO  [34mc.f.o.ContainerOrderApplication[0;39m - [logStartupProfileInfo,637] - The following 1 profile is active: "dev"
22:27:48.259 [32m[main][0;39m INFO  [34mo.s.d.r.c.RepositoryConfigurationDelegate[0;39m - [multipleStoresDetected,262] - Multiple Spring Data modules found, entering strict repository configuration mode
22:27:48.263 [32m[main][0;39m INFO  [34mo.s.d.r.c.RepositoryConfigurationDelegate[0;39m - [registerRepositoriesIn,132] - Bootstrapping Spring Data Redis repositories in DEFAULT mode.
22:27:48.288 [32m[main][0;39m INFO  [34mo.s.d.r.c.RepositoryConfigurationDelegate[0;39m - [registerRepositoriesIn,201] - Finished Spring Data repository scanning in 11 ms. Found 0 Redis repository interfaces.
22:27:48.571 [32m[main][0;39m INFO  [34mo.s.c.c.s.GenericScope[0;39m - [setSerializationId,283] - BeanFactory id=bd367714-bc78-3ce8-8317-2777935ae92b
22:27:48.796 [32m[main][0;39m INFO  [34mo.s.c.s.PostProcessorRegistrationDelegate$BeanPostProcessorChecker[0;39m - [postProcessAfterInitialization,376] - Bean 'cn.fuguang.common.redis.configure.RedisConfig' of type [cn.fuguang.common.redis.configure.RedisConfig$$EnhancerBySpringCGLIB$$ded81d46] is not eligible for getting processed by all BeanPostProcessors (for example: not eligible for auto-proxying)
22:27:49.247 [32m[main][0;39m INFO  [34mo.s.b.w.e.t.TomcatWebServer[0;39m - [initialize,108] - Tomcat initialized with port(s): 9960 (http)
22:27:49.258 [32m[main][0;39m INFO  [34mo.a.c.h.Http11NioProtocol[0;39m - [log,173] - Initializing ProtocolHandler ["http-nio-9960"]
22:27:49.258 [32m[main][0;39m INFO  [34mo.a.c.c.StandardService[0;39m - [log,173] - Starting service [Tomcat]
22:27:49.259 [32m[main][0;39m INFO  [34mo.a.c.c.StandardEngine[0;39m - [log,173] - Starting Servlet engine: [Apache Tomcat/9.0.70]
22:27:49.603 [32m[main][0;39m INFO  [34mo.a.c.c.C.[.[.[/order][0;39m - [log,173] - Initializing Spring embedded WebApplicationContext
22:27:49.604 [32m[main][0;39m INFO  [34mo.s.b.w.s.c.ServletWebServerApplicationContext[0;39m - [prepareWebApplicationContext,292] - Root WebApplicationContext: initialization completed in 2508 ms
22:27:50.028 [32m[main][0;39m INFO  [34mc.a.d.s.b.a.DruidDataSourceAutoConfigure[0;39m - [dataSource,55] - Init DruidDataSource
22:27:50.443 [32m[main][0;39m INFO  [34mc.a.d.p.DruidDataSource[0;39m - [init,985] - {dataSource-1} inited
22:27:51.985 [32m[main][0;39m INFO  [34morg.redisson.Version[0;39m - [logVersion,41] - Redisson 3.13.6
22:27:52.817 [32m[redisson-netty-2-16][0;39m INFO  [34mo.r.c.p.MasterPubSubConnectionPool[0;39m - [lambda$run$0,167] - 1 connections initialized for /117.78.8.197:6379
22:27:52.922 [32m[redisson-netty-2-18][0;39m INFO  [34mo.r.c.p.MasterConnectionPool[0;39m - [lambda$run$0,167] - 24 connections initialized for /117.78.8.197:6379
22:27:53.901 [32m[main][0;39m INFO  [34mc.a.d.p.DruidDataSource[0;39m - [close,2105] - {dataSource-1} closing ...
22:27:53.910 [32m[main][0;39m INFO  [34mc.a.d.p.DruidDataSource[0;39m - [close,2178] - {dataSource-1} closed
22:27:53.957 [32m[main][0;39m INFO  [34mo.a.c.c.StandardService[0;39m - [log,173] - Stopping service [Tomcat]
22:27:54.082 [32m[main][0;39m INFO  [34mo.s.b.a.l.ConditionEvaluationReportLoggingListener[0;39m - [logMessage,136] - 

Error starting ApplicationContext. To display the conditions report re-run your application with 'debug' enabled.
22:29:28.064 [32m[main][0;39m INFO  [34mc.a.n.c.r.client[0;39m - [lambda$createClient$0,80] - [RpcClientFactory] create a new rpc client of 4004d124-1d58-4756-a261-d91bf4d8d9a2_config-0
22:29:28.119 [32m[main][0;39m INFO  [34mo.r.Reflections[0;39m - [scan,232] - Reflections took 39 ms to scan 1 urls, producing 3 keys and 6 values 
22:29:28.148 [32m[main][0;39m INFO  [34mo.r.Reflections[0;39m - [scan,232] - Reflections took 18 ms to scan 1 urls, producing 4 keys and 9 values 
22:29:28.166 [32m[main][0;39m INFO  [34mo.r.Reflections[0;39m - [scan,232] - Reflections took 14 ms to scan 1 urls, producing 3 keys and 10 values 
22:29:28.290 [32m[main][0;39m INFO  [34mo.r.Reflections[0;39m - [scan,232] - Reflections took 120 ms to scan 152 urls, producing 0 keys and 0 values 
22:29:28.303 [32m[main][0;39m INFO  [34mo.r.Reflections[0;39m - [scan,232] - Reflections took 10 ms to scan 1 urls, producing 1 keys and 5 values 
22:29:28.320 [32m[main][0;39m INFO  [34mo.r.Reflections[0;39m - [scan,232] - Reflections took 14 ms to scan 1 urls, producing 1 keys and 7 values 
22:29:28.334 [32m[main][0;39m INFO  [34mo.r.Reflections[0;39m - [scan,232] - Reflections took 10 ms to scan 1 urls, producing 2 keys and 8 values 
22:29:28.463 [32m[main][0;39m INFO  [34mo.r.Reflections[0;39m - [scan,232] - Reflections took 124 ms to scan 152 urls, producing 0 keys and 0 values 
22:29:28.465 [32m[main][0;39m INFO  [34mc.a.n.c.r.client[0;39m - [printIfInfoEnabled,60] - [4004d124-1d58-4756-a261-d91bf4d8d9a2_config-0] RpcClient init label, labels = {module=config, Vipserver-Tag=null, source=sdk, Amory-Tag=null, Location-Tag=null, taskId=0, AppName=unknown}
22:29:28.466 [32m[main][0;39m INFO  [34mc.a.n.c.r.client[0;39m - [printIfInfoEnabled,60] - [4004d124-1d58-4756-a261-d91bf4d8d9a2_config-0] Register server push request handler:com.alibaba.nacos.client.config.impl.ClientWorker$ConfigRpcTransportClient$$Lambda$325/1688526221
22:29:28.466 [32m[main][0;39m INFO  [34mc.a.n.c.r.client[0;39m - [printIfInfoEnabled,60] - [4004d124-1d58-4756-a261-d91bf4d8d9a2_config-0] Register server push request handler:com.alibaba.nacos.client.config.impl.ClientWorker$ConfigRpcTransportClient$$Lambda$326/769507769
22:29:28.467 [32m[main][0;39m INFO  [34mc.a.n.c.r.client[0;39m - [printIfInfoEnabled,60] - [4004d124-1d58-4756-a261-d91bf4d8d9a2_config-0] Registry connection listener to current client:com.alibaba.nacos.client.config.impl.ClientWorker$ConfigRpcTransportClient$1
22:29:28.468 [32m[main][0;39m INFO  [34mc.a.n.c.r.client[0;39m - [printIfInfoEnabled,60] - [4004d124-1d58-4756-a261-d91bf4d8d9a2_config-0] RpcClient init, ServerListFactory = com.alibaba.nacos.client.config.impl.ClientWorker$ConfigRpcTransportClient$2
22:29:28.475 [32m[main][0;39m INFO  [34mc.a.n.c.r.client[0;39m - [printIfInfoEnabled,60] - [4004d124-1d58-4756-a261-d91bf4d8d9a2_config-0] Try to connect to server on start up, server: {serverIp = '123.249.79.51', server main port = 8848}
22:29:29.080 [32m[main][0;39m INFO  [34mc.a.n.c.r.client[0;39m - [printIfInfoEnabled,60] - [4004d124-1d58-4756-a261-d91bf4d8d9a2_config-0] Success to connect to server [123.249.79.51:8848] on start up, connectionId = 1715869769011_111.194.79.77_6293
22:29:29.084 [32m[com.alibaba.nacos.client.remote.worker][0;39m INFO  [34mc.a.n.c.r.client[0;39m - [printIfInfoEnabled,60] - [4004d124-1d58-4756-a261-d91bf4d8d9a2_config-0] Notify connected event to listeners.
22:29:29.085 [32m[main][0;39m INFO  [34mc.a.n.c.r.client[0;39m - [printIfInfoEnabled,60] - [4004d124-1d58-4756-a261-d91bf4d8d9a2_config-0] Register server push request handler:com.alibaba.nacos.common.remote.client.RpcClient$ConnectResetRequestHandler
22:29:29.090 [32m[main][0;39m INFO  [34mc.a.n.c.r.client[0;39m - [printIfInfoEnabled,60] - [4004d124-1d58-4756-a261-d91bf4d8d9a2_config-0] Register server push request handler:com.alibaba.nacos.common.remote.client.RpcClient$$Lambda$334/1698182759
22:29:29.176 [32m[main][0;39m INFO  [34mo.s.c.b.c.PropertySourceBootstrapConfiguration[0;39m - [initialize,109] - Located property source: [BootstrapPropertySource {name='bootstrapProperties-container-order-dev.yaml,CONTAINER_GROUP'}, BootstrapPropertySource {name='bootstrapProperties-container-order.yaml,CONTAINER_GROUP'}, BootstrapPropertySource {name='bootstrapProperties-container-order,CONTAINER_GROUP'}]
22:29:29.219 [32m[main][0;39m INFO  [34mc.f.o.ContainerOrderApplication[0;39m - [logStartupProfileInfo,637] - The following 1 profile is active: "dev"
22:29:30.267 [32m[main][0;39m INFO  [34mo.s.d.r.c.RepositoryConfigurationDelegate[0;39m - [multipleStoresDetected,262] - Multiple Spring Data modules found, entering strict repository configuration mode
22:29:30.270 [32m[main][0;39m INFO  [34mo.s.d.r.c.RepositoryConfigurationDelegate[0;39m - [registerRepositoriesIn,132] - Bootstrapping Spring Data Redis repositories in DEFAULT mode.
22:29:30.295 [32m[main][0;39m INFO  [34mo.s.d.r.c.RepositoryConfigurationDelegate[0;39m - [registerRepositoriesIn,201] - Finished Spring Data repository scanning in 12 ms. Found 0 Redis repository interfaces.
22:29:30.655 [32m[main][0;39m INFO  [34mo.s.c.c.s.GenericScope[0;39m - [setSerializationId,283] - BeanFactory id=a94c5293-6d0c-3660-8ba1-d22b02932294
22:29:30.829 [32m[main][0;39m INFO  [34mo.s.c.s.PostProcessorRegistrationDelegate$BeanPostProcessorChecker[0;39m - [postProcessAfterInitialization,376] - Bean 'cn.fuguang.common.redis.configure.RedisConfig' of type [cn.fuguang.common.redis.configure.RedisConfig$$EnhancerBySpringCGLIB$$3073564b] is not eligible for getting processed by all BeanPostProcessors (for example: not eligible for auto-proxying)
22:29:31.125 [32m[main][0;39m INFO  [34mo.s.b.w.e.t.TomcatWebServer[0;39m - [initialize,108] - Tomcat initialized with port(s): 9960 (http)
22:29:31.132 [32m[main][0;39m INFO  [34mo.a.c.h.Http11NioProtocol[0;39m - [log,173] - Initializing ProtocolHandler ["http-nio-9960"]
22:29:31.132 [32m[main][0;39m INFO  [34mo.a.c.c.StandardService[0;39m - [log,173] - Starting service [Tomcat]
22:29:31.133 [32m[main][0;39m INFO  [34mo.a.c.c.StandardEngine[0;39m - [log,173] - Starting Servlet engine: [Apache Tomcat/9.0.70]
22:29:31.291 [32m[main][0;39m INFO  [34mo.a.c.c.C.[.[.[/order][0;39m - [log,173] - Initializing Spring embedded WebApplicationContext
22:29:31.291 [32m[main][0;39m INFO  [34mo.s.b.w.s.c.ServletWebServerApplicationContext[0;39m - [prepareWebApplicationContext,292] - Root WebApplicationContext: initialization completed in 2048 ms
22:29:31.421 [32m[main][0;39m INFO  [34mc.a.d.s.b.a.DruidDataSourceAutoConfigure[0;39m - [dataSource,55] - Init DruidDataSource
22:29:31.541 [32m[main][0;39m INFO  [34mc.a.d.p.DruidDataSource[0;39m - [init,985] - {dataSource-1} inited
22:29:32.103 [32m[main][0;39m INFO  [34morg.redisson.Version[0;39m - [logVersion,41] - Redisson 3.13.6
22:29:32.437 [32m[redisson-netty-2-14][0;39m INFO  [34mo.r.c.p.MasterPubSubConnectionPool[0;39m - [lambda$run$0,167] - 1 connections initialized for /117.78.8.197:6379
22:29:32.539 [32m[redisson-netty-2-15][0;39m INFO  [34mo.r.c.p.MasterConnectionPool[0;39m - [lambda$run$0,167] - 24 connections initialized for /117.78.8.197:6379
22:29:32.888 [32m[main][0;39m INFO  [34mc.a.d.p.DruidDataSource[0;39m - [close,2105] - {dataSource-1} closing ...
22:29:32.895 [32m[main][0;39m INFO  [34mc.a.d.p.DruidDataSource[0;39m - [close,2178] - {dataSource-1} closed
22:29:32.908 [32m[main][0;39m INFO  [34mo.a.c.c.StandardService[0;39m - [log,173] - Stopping service [Tomcat]
22:29:32.950 [32m[main][0;39m INFO  [34mo.s.b.a.l.ConditionEvaluationReportLoggingListener[0;39m - [logMessage,136] - 

Error starting ApplicationContext. To display the conditions report re-run your application with 'debug' enabled.
22:31:32.215 [32m[main][0;39m INFO  [34mc.a.n.c.r.client[0;39m - [lambda$createClient$0,80] - [RpcClientFactory] create a new rpc client of 03781723-c38e-4132-966a-35073081b68c_config-0
22:31:32.268 [32m[main][0;39m INFO  [34mo.r.Reflections[0;39m - [scan,232] - Reflections took 32 ms to scan 1 urls, producing 3 keys and 6 values 
22:31:32.292 [32m[main][0;39m INFO  [34mo.r.Reflections[0;39m - [scan,232] - Reflections took 13 ms to scan 1 urls, producing 4 keys and 9 values 
22:31:32.309 [32m[main][0;39m INFO  [34mo.r.Reflections[0;39m - [scan,232] - Reflections took 14 ms to scan 1 urls, producing 3 keys and 10 values 
22:31:32.426 [32m[main][0;39m INFO  [34mo.r.Reflections[0;39m - [scan,232] - Reflections took 112 ms to scan 152 urls, producing 0 keys and 0 values 
22:31:32.439 [32m[main][0;39m INFO  [34mo.r.Reflections[0;39m - [scan,232] - Reflections took 11 ms to scan 1 urls, producing 1 keys and 5 values 
22:31:32.457 [32m[main][0;39m INFO  [34mo.r.Reflections[0;39m - [scan,232] - Reflections took 14 ms to scan 1 urls, producing 1 keys and 7 values 
22:31:32.470 [32m[main][0;39m INFO  [34mo.r.Reflections[0;39m - [scan,232] - Reflections took 9 ms to scan 1 urls, producing 2 keys and 8 values 
22:31:32.588 [32m[main][0;39m INFO  [34mo.r.Reflections[0;39m - [scan,232] - Reflections took 115 ms to scan 152 urls, producing 0 keys and 0 values 
22:31:32.592 [32m[main][0;39m INFO  [34mc.a.n.c.r.client[0;39m - [printIfInfoEnabled,60] - [03781723-c38e-4132-966a-35073081b68c_config-0] RpcClient init label, labels = {module=config, Vipserver-Tag=null, source=sdk, Amory-Tag=null, Location-Tag=null, taskId=0, AppName=unknown}
22:31:32.593 [32m[main][0;39m INFO  [34mc.a.n.c.r.client[0;39m - [printIfInfoEnabled,60] - [03781723-c38e-4132-966a-35073081b68c_config-0] Register server push request handler:com.alibaba.nacos.client.config.impl.ClientWorker$ConfigRpcTransportClient$$Lambda$325/791499503
22:31:32.593 [32m[main][0;39m INFO  [34mc.a.n.c.r.client[0;39m - [printIfInfoEnabled,60] - [03781723-c38e-4132-966a-35073081b68c_config-0] Register server push request handler:com.alibaba.nacos.client.config.impl.ClientWorker$ConfigRpcTransportClient$$Lambda$326/15912555
22:31:32.594 [32m[main][0;39m INFO  [34mc.a.n.c.r.client[0;39m - [printIfInfoEnabled,60] - [03781723-c38e-4132-966a-35073081b68c_config-0] Registry connection listener to current client:com.alibaba.nacos.client.config.impl.ClientWorker$ConfigRpcTransportClient$1
22:31:32.595 [32m[main][0;39m INFO  [34mc.a.n.c.r.client[0;39m - [printIfInfoEnabled,60] - [03781723-c38e-4132-966a-35073081b68c_config-0] RpcClient init, ServerListFactory = com.alibaba.nacos.client.config.impl.ClientWorker$ConfigRpcTransportClient$2
22:31:32.601 [32m[main][0;39m INFO  [34mc.a.n.c.r.client[0;39m - [printIfInfoEnabled,60] - [03781723-c38e-4132-966a-35073081b68c_config-0] Try to connect to server on start up, server: {serverIp = '123.249.79.51', server main port = 8848}
22:31:33.211 [32m[main][0;39m INFO  [34mc.a.n.c.r.client[0;39m - [printIfInfoEnabled,60] - [03781723-c38e-4132-966a-35073081b68c_config-0] Success to connect to server [123.249.79.51:8848] on start up, connectionId = 1715869893143_111.194.79.77_7847
22:31:33.214 [32m[com.alibaba.nacos.client.remote.worker][0;39m INFO  [34mc.a.n.c.r.client[0;39m - [printIfInfoEnabled,60] - [03781723-c38e-4132-966a-35073081b68c_config-0] Notify connected event to listeners.
22:31:33.214 [32m[main][0;39m INFO  [34mc.a.n.c.r.client[0;39m - [printIfInfoEnabled,60] - [03781723-c38e-4132-966a-35073081b68c_config-0] Register server push request handler:com.alibaba.nacos.common.remote.client.RpcClient$ConnectResetRequestHandler
22:31:33.217 [32m[main][0;39m INFO  [34mc.a.n.c.r.client[0;39m - [printIfInfoEnabled,60] - [03781723-c38e-4132-966a-35073081b68c_config-0] Register server push request handler:com.alibaba.nacos.common.remote.client.RpcClient$$Lambda$334/1611618052
22:31:33.313 [32m[main][0;39m INFO  [34mo.s.c.b.c.PropertySourceBootstrapConfiguration[0;39m - [initialize,109] - Located property source: [BootstrapPropertySource {name='bootstrapProperties-container-order-dev.yaml,CONTAINER_GROUP'}, BootstrapPropertySource {name='bootstrapProperties-container-order.yaml,CONTAINER_GROUP'}, BootstrapPropertySource {name='bootstrapProperties-container-order,CONTAINER_GROUP'}]
22:31:33.358 [32m[main][0;39m INFO  [34mc.f.o.ContainerOrderApplication[0;39m - [logStartupProfileInfo,637] - The following 1 profile is active: "dev"
22:31:34.403 [32m[main][0;39m INFO  [34mo.s.d.r.c.RepositoryConfigurationDelegate[0;39m - [multipleStoresDetected,262] - Multiple Spring Data modules found, entering strict repository configuration mode
22:31:34.406 [32m[main][0;39m INFO  [34mo.s.d.r.c.RepositoryConfigurationDelegate[0;39m - [registerRepositoriesIn,132] - Bootstrapping Spring Data Redis repositories in DEFAULT mode.
22:31:34.433 [32m[main][0;39m INFO  [34mo.s.d.r.c.RepositoryConfigurationDelegate[0;39m - [registerRepositoriesIn,201] - Finished Spring Data repository scanning in 17 ms. Found 0 Redis repository interfaces.
22:31:34.857 [32m[main][0;39m INFO  [34mo.s.c.c.s.GenericScope[0;39m - [setSerializationId,283] - BeanFactory id=a94c5293-6d0c-3660-8ba1-d22b02932294
22:31:35.161 [32m[main][0;39m INFO  [34mo.s.c.s.PostProcessorRegistrationDelegate$BeanPostProcessorChecker[0;39m - [postProcessAfterInitialization,376] - Bean 'cn.fuguang.common.redis.configure.RedisConfig' of type [cn.fuguang.common.redis.configure.RedisConfig$$EnhancerBySpringCGLIB$$c5629afb] is not eligible for getting processed by all BeanPostProcessors (for example: not eligible for auto-proxying)
22:31:35.525 [32m[main][0;39m INFO  [34mo.s.b.w.e.t.TomcatWebServer[0;39m - [initialize,108] - Tomcat initialized with port(s): 9960 (http)
22:31:35.537 [32m[main][0;39m INFO  [34mo.a.c.h.Http11NioProtocol[0;39m - [log,173] - Initializing ProtocolHandler ["http-nio-9960"]
22:31:35.538 [32m[main][0;39m INFO  [34mo.a.c.c.StandardService[0;39m - [log,173] - Starting service [Tomcat]
22:31:35.538 [32m[main][0;39m INFO  [34mo.a.c.c.StandardEngine[0;39m - [log,173] - Starting Servlet engine: [Apache Tomcat/9.0.70]
22:31:35.708 [32m[main][0;39m INFO  [34mo.a.c.c.C.[.[.[/order][0;39m - [log,173] - Initializing Spring embedded WebApplicationContext
22:31:35.709 [32m[main][0;39m INFO  [34mo.s.b.w.s.c.ServletWebServerApplicationContext[0;39m - [prepareWebApplicationContext,292] - Root WebApplicationContext: initialization completed in 2328 ms
22:31:35.848 [32m[main][0;39m INFO  [34mc.a.d.s.b.a.DruidDataSourceAutoConfigure[0;39m - [dataSource,55] - Init DruidDataSource
22:31:35.971 [32m[main][0;39m INFO  [34mc.a.d.p.DruidDataSource[0;39m - [init,985] - {dataSource-1} inited
22:31:36.909 [32m[main][0;39m INFO  [34morg.redisson.Version[0;39m - [logVersion,41] - Redisson 3.13.6
22:31:37.267 [32m[redisson-netty-2-20][0;39m INFO  [34mo.r.c.p.MasterPubSubConnectionPool[0;39m - [lambda$run$0,167] - 1 connections initialized for /117.78.8.197:6379
22:31:37.548 [32m[redisson-netty-2-16][0;39m INFO  [34mo.r.c.p.MasterConnectionPool[0;39m - [lambda$run$0,167] - 24 connections initialized for /117.78.8.197:6379
22:31:39.076 [32m[main][0;39m INFO  [34mo.s.b.a.e.w.EndpointLinksResolver[0;39m - [<init>,58] - Exposing 1 endpoint(s) beneath base path '/actuator'
22:31:39.192 [32m[main][0;39m INFO  [34mc.a.n.c.r.client[0;39m - [lambda$createClient$0,80] - [RpcClientFactory] create a new rpc client of d5b5db60-d578-4580-9b25-ffa1c56c8072
22:31:39.193 [32m[main][0;39m INFO  [34mc.a.n.c.r.client[0;39m - [printIfInfoEnabled,60] - [d5b5db60-d578-4580-9b25-ffa1c56c8072] RpcClient init label, labels = {module=naming, source=sdk}
22:31:39.194 [32m[main][0;39m INFO  [34mc.a.n.c.r.client[0;39m - [printIfInfoEnabled,60] - [d5b5db60-d578-4580-9b25-ffa1c56c8072] RpcClient init, ServerListFactory = com.alibaba.nacos.client.naming.core.ServerListManager
22:31:39.194 [32m[main][0;39m INFO  [34mc.a.n.c.r.client[0;39m - [printIfInfoEnabled,60] - [d5b5db60-d578-4580-9b25-ffa1c56c8072] Registry connection listener to current client:com.alibaba.nacos.client.naming.remote.gprc.redo.NamingGrpcRedoService
22:31:39.194 [32m[main][0;39m INFO  [34mc.a.n.c.r.client[0;39m - [printIfInfoEnabled,60] - [d5b5db60-d578-4580-9b25-ffa1c56c8072] Register server push request handler:com.alibaba.nacos.client.naming.remote.gprc.NamingPushRequestHandler
22:31:39.195 [32m[main][0;39m INFO  [34mc.a.n.c.r.client[0;39m - [printIfInfoEnabled,60] - [d5b5db60-d578-4580-9b25-ffa1c56c8072] Try to connect to server on start up, server: {serverIp = '123.249.79.51', server main port = 8848}
22:31:39.350 [32m[main][0;39m INFO  [34mc.a.n.c.r.client[0;39m - [printIfInfoEnabled,60] - [d5b5db60-d578-4580-9b25-ffa1c56c8072] Success to connect to server [123.249.79.51:8848] on start up, connectionId = 1715869899338_111.194.79.77_7309
22:31:39.352 [32m[main][0;39m INFO  [34mc.a.n.c.r.client[0;39m - [printIfInfoEnabled,60] - [d5b5db60-d578-4580-9b25-ffa1c56c8072] Register server push request handler:com.alibaba.nacos.common.remote.client.RpcClient$ConnectResetRequestHandler
22:31:39.352 [32m[com.alibaba.nacos.client.remote.worker][0;39m INFO  [34mc.a.n.c.r.client[0;39m - [printIfInfoEnabled,60] - [d5b5db60-d578-4580-9b25-ffa1c56c8072] Notify connected event to listeners.
22:31:39.352 [32m[main][0;39m INFO  [34mc.a.n.c.r.client[0;39m - [printIfInfoEnabled,60] - [d5b5db60-d578-4580-9b25-ffa1c56c8072] Register server push request handler:com.alibaba.nacos.common.remote.client.RpcClient$$Lambda$334/1611618052
22:31:39.432 [32m[main][0;39m INFO  [34mo.a.c.h.Http11NioProtocol[0;39m - [log,173] - Starting ProtocolHandler ["http-nio-9960"]
22:31:39.449 [32m[main][0;39m INFO  [34mo.s.b.w.e.t.TomcatWebServer[0;39m - [start,220] - Tomcat started on port(s): 9960 (http) with context path '/order'
22:31:39.477 [32m[main][0;39m INFO  [34mc.a.c.n.r.NacosServiceRegistry[0;39m - [register,75] - nacos registry, DEFAULT_GROUP container-order 192.168.2.101:9960 register finished
22:31:39.507 [32m[main][0;39m INFO  [34mc.f.o.ContainerOrderApplication[0;39m - [logStarted,61] - Started ContainerOrderApplication in 8.498 seconds (JVM running for 10.095)
22:31:39.516 [32m[main][0;39m INFO  [34mc.a.c.n.r.NacosContextRefresher[0;39m - [registerNacosListener,129] - [Nacos Config] Listening config: dataId=container-order.yaml, group=CONTAINER_GROUP
22:31:39.517 [32m[main][0;39m INFO  [34mc.a.c.n.r.NacosContextRefresher[0;39m - [registerNacosListener,129] - [Nacos Config] Listening config: dataId=container-order, group=CONTAINER_GROUP
22:31:39.519 [32m[main][0;39m INFO  [34mc.a.c.n.r.NacosContextRefresher[0;39m - [registerNacosListener,129] - [Nacos Config] Listening config: dataId=container-order-dev.yaml, group=CONTAINER_GROUP
22:31:40.052 [32m[nacos-grpc-client-executor-8][0;39m INFO  [34mc.a.n.c.r.client[0;39m - [printIfInfoEnabled,60] - [d5b5db60-d578-4580-9b25-ffa1c56c8072] Receive server push request, request = NotifySubscriberRequest, requestId = 34
22:31:40.083 [32m[nacos-grpc-client-executor-8][0;39m INFO  [34mc.a.n.c.r.client[0;39m - [printIfInfoEnabled,60] - [d5b5db60-d578-4580-9b25-ffa1c56c8072] Ack server push request, request = NotifySubscriberRequest, requestId = 34
22:31:40.123 [32m[RMI TCP Connection(4)-192.168.2.101][0;39m INFO  [34mo.a.c.c.C.[.[.[/order][0;39m - [log,173] - Initializing Spring DispatcherServlet 'dispatcherServlet'
22:31:40.124 [32m[RMI TCP Connection(4)-192.168.2.101][0;39m INFO  [34mo.s.w.s.DispatcherServlet[0;39m - [initServletBean,525] - Initializing Servlet 'dispatcherServlet'
22:31:40.132 [32m[RMI TCP Connection(4)-192.168.2.101][0;39m INFO  [34mo.s.w.s.DispatcherServlet[0;39m - [initServletBean,547] - Completed initialization in 8 ms
22:31:48.186 [32m[SpringApplicationShutdownHook][0;39m INFO  [34mc.a.c.n.r.NacosServiceRegistry[0;39m - [deregister,94] - De-registering from Nacos Server now...
22:31:48.213 [32m[SpringApplicationShutdownHook][0;39m INFO  [34mc.a.c.n.r.NacosServiceRegistry[0;39m - [deregister,114] - De-registration finished.
22:31:48.811 [32m[nacos-grpc-client-executor-18][0;39m INFO  [34mc.a.n.c.r.client[0;39m - [printIfInfoEnabled,60] - [d5b5db60-d578-4580-9b25-ffa1c56c8072] Receive server push request, request = NotifySubscriberRequest, requestId = 35
22:31:48.819 [32m[nacos-grpc-client-executor-18][0;39m INFO  [34mc.a.n.c.r.client[0;39m - [printIfInfoEnabled,60] - [d5b5db60-d578-4580-9b25-ffa1c56c8072] Ack server push request, request = NotifySubscriberRequest, requestId = 35
22:31:48.853 [32m[SpringApplicationShutdownHook][0;39m INFO  [34mc.a.n.c.r.client[0;39m - [shutdown,454] - Shutdown rpc client, set status to shutdown
22:31:48.854 [32m[SpringApplicationShutdownHook][0;39m INFO  [34mc.a.n.c.r.client[0;39m - [shutdown,456] - Shutdown client event executor java.util.concurrent.ScheduledThreadPoolExecutor@23a8bb32[Running, pool size = 2, active threads = 2, queued tasks = 0, completed tasks = 0]
22:31:48.856 [32m[SpringApplicationShutdownHook][0;39m INFO  [34mc.a.n.c.r.client[0;39m - [closeConnection,591] - Close current connection 1715869899338_111.194.79.77_7309
22:31:48.867 [32m[SpringApplicationShutdownHook][0;39m INFO  [34mc.a.n.c.r.c.g.GrpcClient[0;39m - [shutdown,85] - Shutdown grpc executor java.util.concurrent.ThreadPoolExecutor@223f5012[Running, pool size = 19, active threads = 0, queued tasks = 0, completed tasks = 19]
22:32:15.066 [32m[main][0;39m INFO  [34mc.a.n.c.r.client[0;39m - [lambda$createClient$0,80] - [RpcClientFactory] create a new rpc client of 47dafa90-2d85-46f4-ac98-c0c7efbad286_config-0
22:32:15.122 [32m[main][0;39m INFO  [34mo.r.Reflections[0;39m - [scan,232] - Reflections took 36 ms to scan 1 urls, producing 3 keys and 6 values 
22:32:15.147 [32m[main][0;39m INFO  [34mo.r.Reflections[0;39m - [scan,232] - Reflections took 15 ms to scan 1 urls, producing 4 keys and 9 values 
22:32:15.166 [32m[main][0;39m INFO  [34mo.r.Reflections[0;39m - [scan,232] - Reflections took 16 ms to scan 1 urls, producing 3 keys and 10 values 
22:32:15.305 [32m[main][0;39m INFO  [34mo.r.Reflections[0;39m - [scan,232] - Reflections took 133 ms to scan 152 urls, producing 0 keys and 0 values 
22:32:15.320 [32m[main][0;39m INFO  [34mo.r.Reflections[0;39m - [scan,232] - Reflections took 11 ms to scan 1 urls, producing 1 keys and 5 values 
22:32:15.338 [32m[main][0;39m INFO  [34mo.r.Reflections[0;39m - [scan,232] - Reflections took 15 ms to scan 1 urls, producing 1 keys and 7 values 
22:32:15.355 [32m[main][0;39m INFO  [34mo.r.Reflections[0;39m - [scan,232] - Reflections took 13 ms to scan 1 urls, producing 2 keys and 8 values 
22:32:15.515 [32m[main][0;39m INFO  [34mo.r.Reflections[0;39m - [scan,232] - Reflections took 155 ms to scan 152 urls, producing 0 keys and 0 values 
22:32:15.518 [32m[main][0;39m INFO  [34mc.a.n.c.r.client[0;39m - [printIfInfoEnabled,60] - [47dafa90-2d85-46f4-ac98-c0c7efbad286_config-0] RpcClient init label, labels = {module=config, Vipserver-Tag=null, source=sdk, Amory-Tag=null, Location-Tag=null, taskId=0, AppName=unknown}
22:32:15.520 [32m[main][0;39m INFO  [34mc.a.n.c.r.client[0;39m - [printIfInfoEnabled,60] - [47dafa90-2d85-46f4-ac98-c0c7efbad286_config-0] Register server push request handler:com.alibaba.nacos.client.config.impl.ClientWorker$ConfigRpcTransportClient$$Lambda$325/589311025
22:32:15.521 [32m[main][0;39m INFO  [34mc.a.n.c.r.client[0;39m - [printIfInfoEnabled,60] - [47dafa90-2d85-46f4-ac98-c0c7efbad286_config-0] Register server push request handler:com.alibaba.nacos.client.config.impl.ClientWorker$ConfigRpcTransportClient$$Lambda$326/1468192631
22:32:15.522 [32m[main][0;39m INFO  [34mc.a.n.c.r.client[0;39m - [printIfInfoEnabled,60] - [47dafa90-2d85-46f4-ac98-c0c7efbad286_config-0] Registry connection listener to current client:com.alibaba.nacos.client.config.impl.ClientWorker$ConfigRpcTransportClient$1
22:32:15.524 [32m[main][0;39m INFO  [34mc.a.n.c.r.client[0;39m - [printIfInfoEnabled,60] - [47dafa90-2d85-46f4-ac98-c0c7efbad286_config-0] RpcClient init, ServerListFactory = com.alibaba.nacos.client.config.impl.ClientWorker$ConfigRpcTransportClient$2
22:32:15.534 [32m[main][0;39m INFO  [34mc.a.n.c.r.client[0;39m - [printIfInfoEnabled,60] - [47dafa90-2d85-46f4-ac98-c0c7efbad286_config-0] Try to connect to server on start up, server: {serverIp = '123.249.79.51', server main port = 8848}
22:32:16.138 [32m[main][0;39m INFO  [34mc.a.n.c.r.client[0;39m - [printIfInfoEnabled,60] - [47dafa90-2d85-46f4-ac98-c0c7efbad286_config-0] Success to connect to server [123.249.79.51:8848] on start up, connectionId = 1715869936082_111.194.79.77_7275
22:32:16.142 [32m[main][0;39m INFO  [34mc.a.n.c.r.client[0;39m - [printIfInfoEnabled,60] - [47dafa90-2d85-46f4-ac98-c0c7efbad286_config-0] Register server push request handler:com.alibaba.nacos.common.remote.client.RpcClient$ConnectResetRequestHandler
22:32:16.142 [32m[com.alibaba.nacos.client.remote.worker][0;39m INFO  [34mc.a.n.c.r.client[0;39m - [printIfInfoEnabled,60] - [47dafa90-2d85-46f4-ac98-c0c7efbad286_config-0] Notify connected event to listeners.
22:32:16.146 [32m[main][0;39m INFO  [34mc.a.n.c.r.client[0;39m - [printIfInfoEnabled,60] - [47dafa90-2d85-46f4-ac98-c0c7efbad286_config-0] Register server push request handler:com.alibaba.nacos.common.remote.client.RpcClient$$Lambda$334/761197720
22:32:16.237 [32m[main][0;39m INFO  [34mo.s.c.b.c.PropertySourceBootstrapConfiguration[0;39m - [initialize,109] - Located property source: [BootstrapPropertySource {name='bootstrapProperties-container-order-dev.yaml,CONTAINER_GROUP'}, BootstrapPropertySource {name='bootstrapProperties-container-order.yaml,CONTAINER_GROUP'}, BootstrapPropertySource {name='bootstrapProperties-container-order,CONTAINER_GROUP'}]
22:32:16.289 [32m[main][0;39m INFO  [34mc.f.o.ContainerOrderApplication[0;39m - [logStartupProfileInfo,637] - The following 1 profile is active: "dev"
22:32:18.559 [32m[main][0;39m INFO  [34mo.s.d.r.c.RepositoryConfigurationDelegate[0;39m - [multipleStoresDetected,262] - Multiple Spring Data modules found, entering strict repository configuration mode
22:32:18.562 [32m[main][0;39m INFO  [34mo.s.d.r.c.RepositoryConfigurationDelegate[0;39m - [registerRepositoriesIn,132] - Bootstrapping Spring Data Redis repositories in DEFAULT mode.
22:32:18.587 [32m[main][0;39m INFO  [34mo.s.d.r.c.RepositoryConfigurationDelegate[0;39m - [registerRepositoriesIn,201] - Finished Spring Data repository scanning in 14 ms. Found 0 Redis repository interfaces.
22:32:18.928 [32m[main][0;39m INFO  [34mo.s.c.c.s.GenericScope[0;39m - [setSerializationId,283] - BeanFactory id=a94c5293-6d0c-3660-8ba1-d22b02932294
22:32:19.126 [32m[main][0;39m INFO  [34mo.s.c.s.PostProcessorRegistrationDelegate$BeanPostProcessorChecker[0;39m - [postProcessAfterInitialization,376] - Bean 'cn.fuguang.common.redis.configure.RedisConfig' of type [cn.fuguang.common.redis.configure.RedisConfig$$EnhancerBySpringCGLIB$$6239332d] is not eligible for getting processed by all BeanPostProcessors (for example: not eligible for auto-proxying)
22:32:19.448 [32m[main][0;39m INFO  [34mo.s.b.w.e.t.TomcatWebServer[0;39m - [initialize,108] - Tomcat initialized with port(s): 9960 (http)
22:32:19.455 [32m[main][0;39m INFO  [34mo.a.c.h.Http11NioProtocol[0;39m - [log,173] - Initializing ProtocolHandler ["http-nio-9960"]
22:32:19.456 [32m[main][0;39m INFO  [34mo.a.c.c.StandardService[0;39m - [log,173] - Starting service [Tomcat]
22:32:19.456 [32m[main][0;39m INFO  [34mo.a.c.c.StandardEngine[0;39m - [log,173] - Starting Servlet engine: [Apache Tomcat/9.0.70]
22:32:19.640 [32m[main][0;39m INFO  [34mo.a.c.c.C.[.[.[/order][0;39m - [log,173] - Initializing Spring embedded WebApplicationContext
22:32:19.641 [32m[main][0;39m INFO  [34mo.s.b.w.s.c.ServletWebServerApplicationContext[0;39m - [prepareWebApplicationContext,292] - Root WebApplicationContext: initialization completed in 3327 ms
22:32:19.795 [32m[main][0;39m INFO  [34mc.a.d.s.b.a.DruidDataSourceAutoConfigure[0;39m - [dataSource,55] - Init DruidDataSource
22:32:19.920 [32m[main][0;39m INFO  [34mc.a.d.p.DruidDataSource[0;39m - [init,985] - {dataSource-1} inited
22:32:20.549 [32m[main][0;39m INFO  [34morg.redisson.Version[0;39m - [logVersion,41] - Redisson 3.13.6
22:32:20.910 [32m[redisson-netty-2-23][0;39m INFO  [34mo.r.c.p.MasterPubSubConnectionPool[0;39m - [lambda$run$0,167] - 1 connections initialized for /117.78.8.197:6379
22:32:20.991 [32m[redisson-netty-2-17][0;39m INFO  [34mo.r.c.p.MasterConnectionPool[0;39m - [lambda$run$0,167] - 24 connections initialized for /117.78.8.197:6379
22:32:21.363 [32m[main][0;39m INFO  [34mc.a.d.p.DruidDataSource[0;39m - [close,2105] - {dataSource-1} closing ...
22:32:21.369 [32m[main][0;39m INFO  [34mc.a.d.p.DruidDataSource[0;39m - [close,2178] - {dataSource-1} closed
22:32:21.385 [32m[main][0;39m INFO  [34mo.a.c.c.StandardService[0;39m - [log,173] - Stopping service [Tomcat]
22:32:21.425 [32m[main][0;39m INFO  [34mo.s.b.a.l.ConditionEvaluationReportLoggingListener[0;39m - [logMessage,136] - 

Error starting ApplicationContext. To display the conditions report re-run your application with 'debug' enabled.
22:37:23.406 [32m[main][0;39m INFO  [34mc.a.n.c.r.client[0;39m - [lambda$createClient$0,80] - [RpcClientFactory] create a new rpc client of 07f8bd8e-a96d-43a5-9b8e-dc7c1efcb796_config-0
22:37:23.464 [32m[main][0;39m INFO  [34mo.r.Reflections[0;39m - [scan,232] - Reflections took 37 ms to scan 1 urls, producing 3 keys and 6 values 
22:37:23.490 [32m[main][0;39m INFO  [34mo.r.Reflections[0;39m - [scan,232] - Reflections took 15 ms to scan 1 urls, producing 4 keys and 9 values 
22:37:23.507 [32m[main][0;39m INFO  [34mo.r.Reflections[0;39m - [scan,232] - Reflections took 15 ms to scan 1 urls, producing 3 keys and 10 values 
22:37:23.628 [32m[main][0;39m INFO  [34mo.r.Reflections[0;39m - [scan,232] - Reflections took 116 ms to scan 152 urls, producing 0 keys and 0 values 
22:37:23.641 [32m[main][0;39m INFO  [34mo.r.Reflections[0;39m - [scan,232] - Reflections took 9 ms to scan 1 urls, producing 1 keys and 5 values 
22:37:23.656 [32m[main][0;39m INFO  [34mo.r.Reflections[0;39m - [scan,232] - Reflections took 13 ms to scan 1 urls, producing 1 keys and 7 values 
22:37:23.667 [32m[main][0;39m INFO  [34mo.r.Reflections[0;39m - [scan,232] - Reflections took 8 ms to scan 1 urls, producing 2 keys and 8 values 
22:37:23.783 [32m[main][0;39m INFO  [34mo.r.Reflections[0;39m - [scan,232] - Reflections took 114 ms to scan 152 urls, producing 0 keys and 0 values 
22:37:23.786 [32m[main][0;39m INFO  [34mc.a.n.c.r.client[0;39m - [printIfInfoEnabled,60] - [07f8bd8e-a96d-43a5-9b8e-dc7c1efcb796_config-0] RpcClient init label, labels = {module=config, Vipserver-Tag=null, source=sdk, Amory-Tag=null, Location-Tag=null, taskId=0, AppName=unknown}
22:37:23.789 [32m[main][0;39m INFO  [34mc.a.n.c.r.client[0;39m - [printIfInfoEnabled,60] - [07f8bd8e-a96d-43a5-9b8e-dc7c1efcb796_config-0] Register server push request handler:com.alibaba.nacos.client.config.impl.ClientWorker$ConfigRpcTransportClient$$Lambda$325/169049466
22:37:23.789 [32m[main][0;39m INFO  [34mc.a.n.c.r.client[0;39m - [printIfInfoEnabled,60] - [07f8bd8e-a96d-43a5-9b8e-dc7c1efcb796_config-0] Register server push request handler:com.alibaba.nacos.client.config.impl.ClientWorker$ConfigRpcTransportClient$$Lambda$326/1791014677
22:37:23.790 [32m[main][0;39m INFO  [34mc.a.n.c.r.client[0;39m - [printIfInfoEnabled,60] - [07f8bd8e-a96d-43a5-9b8e-dc7c1efcb796_config-0] Registry connection listener to current client:com.alibaba.nacos.client.config.impl.ClientWorker$ConfigRpcTransportClient$1
22:37:23.791 [32m[main][0;39m INFO  [34mc.a.n.c.r.client[0;39m - [printIfInfoEnabled,60] - [07f8bd8e-a96d-43a5-9b8e-dc7c1efcb796_config-0] RpcClient init, ServerListFactory = com.alibaba.nacos.client.config.impl.ClientWorker$ConfigRpcTransportClient$2
22:37:23.807 [32m[main][0;39m INFO  [34mc.a.n.c.r.client[0;39m - [printIfInfoEnabled,60] - [07f8bd8e-a96d-43a5-9b8e-dc7c1efcb796_config-0] Try to connect to server on start up, server: {serverIp = '123.249.79.51', server main port = 8848}
22:37:24.438 [32m[main][0;39m INFO  [34mc.a.n.c.r.client[0;39m - [printIfInfoEnabled,60] - [07f8bd8e-a96d-43a5-9b8e-dc7c1efcb796_config-0] Success to connect to server [123.249.79.51:8848] on start up, connectionId = 1715870244380_111.194.79.77_6977
22:37:24.443 [32m[main][0;39m INFO  [34mc.a.n.c.r.client[0;39m - [printIfInfoEnabled,60] - [07f8bd8e-a96d-43a5-9b8e-dc7c1efcb796_config-0] Register server push request handler:com.alibaba.nacos.common.remote.client.RpcClient$ConnectResetRequestHandler
22:37:24.443 [32m[com.alibaba.nacos.client.remote.worker][0;39m INFO  [34mc.a.n.c.r.client[0;39m - [printIfInfoEnabled,60] - [07f8bd8e-a96d-43a5-9b8e-dc7c1efcb796_config-0] Notify connected event to listeners.
22:37:24.450 [32m[main][0;39m INFO  [34mc.a.n.c.r.client[0;39m - [printIfInfoEnabled,60] - [07f8bd8e-a96d-43a5-9b8e-dc7c1efcb796_config-0] Register server push request handler:com.alibaba.nacos.common.remote.client.RpcClient$$Lambda$334/929266212
22:37:24.549 [32m[main][0;39m INFO  [34mo.s.c.b.c.PropertySourceBootstrapConfiguration[0;39m - [initialize,109] - Located property source: [BootstrapPropertySource {name='bootstrapProperties-container-order-dev.yaml,CONTAINER_GROUP'}, BootstrapPropertySource {name='bootstrapProperties-container-order.yaml,CONTAINER_GROUP'}, BootstrapPropertySource {name='bootstrapProperties-container-order,CONTAINER_GROUP'}]
22:37:24.593 [32m[main][0;39m INFO  [34mc.f.o.ContainerOrderApplication[0;39m - [logStartupProfileInfo,637] - The following 1 profile is active: "dev"
22:37:25.414 [32m[main][0;39m INFO  [34mo.s.b.a.l.ConditionEvaluationReportLoggingListener[0;39m - [logMessage,136] - 

Error starting ApplicationContext. To display the conditions report re-run your application with 'debug' enabled.
22:39:33.414 [32m[main][0;39m INFO  [34mc.a.n.c.r.client[0;39m - [lambda$createClient$0,80] - [RpcClientFactory] create a new rpc client of f27c12db-dbfd-4617-81ff-7fb444be2133_config-0
22:39:33.481 [32m[main][0;39m INFO  [34mo.r.Reflections[0;39m - [scan,232] - Reflections took 46 ms to scan 1 urls, producing 3 keys and 6 values 
22:39:33.519 [32m[main][0;39m INFO  [34mo.r.Reflections[0;39m - [scan,232] - Reflections took 19 ms to scan 1 urls, producing 4 keys and 9 values 
22:39:33.539 [32m[main][0;39m INFO  [34mo.r.Reflections[0;39m - [scan,232] - Reflections took 16 ms to scan 1 urls, producing 3 keys and 10 values 
22:39:33.664 [32m[main][0;39m INFO  [34mo.r.Reflections[0;39m - [scan,232] - Reflections took 121 ms to scan 152 urls, producing 0 keys and 0 values 
22:39:33.677 [32m[main][0;39m INFO  [34mo.r.Reflections[0;39m - [scan,232] - Reflections took 9 ms to scan 1 urls, producing 1 keys and 5 values 
22:39:33.692 [32m[main][0;39m INFO  [34mo.r.Reflections[0;39m - [scan,232] - Reflections took 12 ms to scan 1 urls, producing 1 keys and 7 values 
22:39:33.704 [32m[main][0;39m INFO  [34mo.r.Reflections[0;39m - [scan,232] - Reflections took 8 ms to scan 1 urls, producing 2 keys and 8 values 
22:39:33.832 [32m[main][0;39m INFO  [34mo.r.Reflections[0;39m - [scan,232] - Reflections took 125 ms to scan 152 urls, producing 0 keys and 0 values 
22:39:33.835 [32m[main][0;39m INFO  [34mc.a.n.c.r.client[0;39m - [printIfInfoEnabled,60] - [f27c12db-dbfd-4617-81ff-7fb444be2133_config-0] RpcClient init label, labels = {module=config, Vipserver-Tag=null, source=sdk, Amory-Tag=null, Location-Tag=null, taskId=0, AppName=unknown}
22:39:33.841 [32m[main][0;39m INFO  [34mc.a.n.c.r.client[0;39m - [printIfInfoEnabled,60] - [f27c12db-dbfd-4617-81ff-7fb444be2133_config-0] Register server push request handler:com.alibaba.nacos.client.config.impl.ClientWorker$ConfigRpcTransportClient$$Lambda$325/1491623023
22:39:33.841 [32m[main][0;39m INFO  [34mc.a.n.c.r.client[0;39m - [printIfInfoEnabled,60] - [f27c12db-dbfd-4617-81ff-7fb444be2133_config-0] Register server push request handler:com.alibaba.nacos.client.config.impl.ClientWorker$ConfigRpcTransportClient$$Lambda$326/169049466
22:39:33.842 [32m[main][0;39m INFO  [34mc.a.n.c.r.client[0;39m - [printIfInfoEnabled,60] - [f27c12db-dbfd-4617-81ff-7fb444be2133_config-0] Registry connection listener to current client:com.alibaba.nacos.client.config.impl.ClientWorker$ConfigRpcTransportClient$1
22:39:33.843 [32m[main][0;39m INFO  [34mc.a.n.c.r.client[0;39m - [printIfInfoEnabled,60] - [f27c12db-dbfd-4617-81ff-7fb444be2133_config-0] RpcClient init, ServerListFactory = com.alibaba.nacos.client.config.impl.ClientWorker$ConfigRpcTransportClient$2
22:39:33.856 [32m[main][0;39m INFO  [34mc.a.n.c.r.client[0;39m - [printIfInfoEnabled,60] - [f27c12db-dbfd-4617-81ff-7fb444be2133_config-0] Try to connect to server on start up, server: {serverIp = '123.249.79.51', server main port = 8848}
22:39:34.498 [32m[main][0;39m INFO  [34mc.a.n.c.r.client[0;39m - [printIfInfoEnabled,60] - [f27c12db-dbfd-4617-81ff-7fb444be2133_config-0] Success to connect to server [123.249.79.51:8848] on start up, connectionId = 1715870374428_111.194.79.77_6828
22:39:34.501 [32m[com.alibaba.nacos.client.remote.worker][0;39m INFO  [34mc.a.n.c.r.client[0;39m - [printIfInfoEnabled,60] - [f27c12db-dbfd-4617-81ff-7fb444be2133_config-0] Notify connected event to listeners.
22:39:34.502 [32m[main][0;39m INFO  [34mc.a.n.c.r.client[0;39m - [printIfInfoEnabled,60] - [f27c12db-dbfd-4617-81ff-7fb444be2133_config-0] Register server push request handler:com.alibaba.nacos.common.remote.client.RpcClient$ConnectResetRequestHandler
22:39:34.508 [32m[main][0;39m INFO  [34mc.a.n.c.r.client[0;39m - [printIfInfoEnabled,60] - [f27c12db-dbfd-4617-81ff-7fb444be2133_config-0] Register server push request handler:com.alibaba.nacos.common.remote.client.RpcClient$$Lambda$334/49485418
22:39:34.622 [32m[main][0;39m INFO  [34mo.s.c.b.c.PropertySourceBootstrapConfiguration[0;39m - [initialize,109] - Located property source: [BootstrapPropertySource {name='bootstrapProperties-container-order-dev.yaml,CONTAINER_GROUP'}, BootstrapPropertySource {name='bootstrapProperties-container-order.yaml,CONTAINER_GROUP'}, BootstrapPropertySource {name='bootstrapProperties-container-order,CONTAINER_GROUP'}]
22:39:34.694 [32m[main][0;39m INFO  [34mc.f.o.ContainerOrderApplication[0;39m - [logStartupProfileInfo,637] - The following 1 profile is active: "dev"
22:39:36.014 [32m[main][0;39m INFO  [34mo.s.d.r.c.RepositoryConfigurationDelegate[0;39m - [multipleStoresDetected,262] - Multiple Spring Data modules found, entering strict repository configuration mode
22:39:36.018 [32m[main][0;39m INFO  [34mo.s.d.r.c.RepositoryConfigurationDelegate[0;39m - [registerRepositoriesIn,132] - Bootstrapping Spring Data Redis repositories in DEFAULT mode.
22:39:36.045 [32m[main][0;39m INFO  [34mo.s.d.r.c.RepositoryConfigurationDelegate[0;39m - [registerRepositoriesIn,201] - Finished Spring Data repository scanning in 15 ms. Found 0 Redis repository interfaces.
22:39:36.357 [32m[main][0;39m INFO  [34mo.s.c.c.s.GenericScope[0;39m - [setSerializationId,283] - BeanFactory id=080e270a-6898-3c78-9791-a88e531fb07c
22:39:36.594 [32m[main][0;39m INFO  [34mo.s.c.s.PostProcessorRegistrationDelegate$BeanPostProcessorChecker[0;39m - [postProcessAfterInitialization,376] - Bean 'cn.fuguang.common.redis.configure.RedisConfig' of type [cn.fuguang.common.redis.configure.RedisConfig$$EnhancerBySpringCGLIB$$6e85acf2] is not eligible for getting processed by all BeanPostProcessors (for example: not eligible for auto-proxying)
22:39:36.997 [32m[main][0;39m INFO  [34mo.s.b.w.e.t.TomcatWebServer[0;39m - [initialize,108] - Tomcat initialized with port(s): 9960 (http)
22:39:37.008 [32m[main][0;39m INFO  [34mo.a.c.h.Http11NioProtocol[0;39m - [log,173] - Initializing ProtocolHandler ["http-nio-9960"]
22:39:37.008 [32m[main][0;39m INFO  [34mo.a.c.c.StandardService[0;39m - [log,173] - Starting service [Tomcat]
22:39:37.008 [32m[main][0;39m INFO  [34mo.a.c.c.StandardEngine[0;39m - [log,173] - Starting Servlet engine: [Apache Tomcat/9.0.70]
22:39:37.175 [32m[main][0;39m INFO  [34mo.a.c.c.C.[.[.[/order][0;39m - [log,173] - Initializing Spring embedded WebApplicationContext
22:39:37.175 [32m[main][0;39m INFO  [34mo.s.b.w.s.c.ServletWebServerApplicationContext[0;39m - [prepareWebApplicationContext,292] - Root WebApplicationContext: initialization completed in 2434 ms
22:39:37.293 [32m[main][0;39m INFO  [34mc.a.d.s.b.a.DruidDataSourceAutoConfigure[0;39m - [dataSource,55] - Init DruidDataSource
22:39:37.414 [32m[main][0;39m INFO  [34mc.a.d.p.DruidDataSource[0;39m - [init,985] - {dataSource-1} inited
22:39:38.011 [32m[main][0;39m INFO  [34morg.redisson.Version[0;39m - [logVersion,41] - Redisson 3.13.6
22:39:38.343 [32m[redisson-netty-2-13][0;39m INFO  [34mo.r.c.p.MasterPubSubConnectionPool[0;39m - [lambda$run$0,167] - 1 connections initialized for /117.78.8.197:6379
22:39:38.630 [32m[redisson-netty-2-17][0;39m INFO  [34mo.r.c.p.MasterConnectionPool[0;39m - [lambda$run$0,167] - 24 connections initialized for /117.78.8.197:6379
22:39:39.263 [32m[main][0;39m INFO  [34mo.s.c.o.FeignClientFactoryBean[0;39m - [getTarget,418] - For 'container-channel' URL not provided. Will try picking an instance via load-balancing.
22:39:39.381 [32m[main][0;39m INFO  [34mc.a.d.p.DruidDataSource[0;39m - [close,2105] - {dataSource-1} closing ...
22:39:39.383 [32m[main][0;39m INFO  [34mc.a.d.p.DruidDataSource[0;39m - [close,2178] - {dataSource-1} closed
22:39:39.391 [32m[main][0;39m INFO  [34mo.a.c.c.StandardService[0;39m - [log,173] - Stopping service [Tomcat]
22:39:39.423 [32m[main][0;39m INFO  [34mo.s.b.a.l.ConditionEvaluationReportLoggingListener[0;39m - [logMessage,136] - 

Error starting ApplicationContext. To display the conditions report re-run your application with 'debug' enabled.
22:40:23.681 [32m[main][0;39m INFO  [34mc.a.n.c.r.client[0;39m - [lambda$createClient$0,80] - [RpcClientFactory] create a new rpc client of 5676f08d-2f0b-41e2-ac68-687f0c7cdd6e_config-0
22:40:23.734 [32m[main][0;39m INFO  [34mo.r.Reflections[0;39m - [scan,232] - Reflections took 34 ms to scan 1 urls, producing 3 keys and 6 values 
22:40:23.760 [32m[main][0;39m INFO  [34mo.r.Reflections[0;39m - [scan,232] - Reflections took 16 ms to scan 1 urls, producing 4 keys and 9 values 
22:40:23.782 [32m[main][0;39m INFO  [34mo.r.Reflections[0;39m - [scan,232] - Reflections took 18 ms to scan 1 urls, producing 3 keys and 10 values 
22:40:23.919 [32m[main][0;39m INFO  [34mo.r.Reflections[0;39m - [scan,232] - Reflections took 132 ms to scan 152 urls, producing 0 keys and 0 values 
22:40:23.935 [32m[main][0;39m INFO  [34mo.r.Reflections[0;39m - [scan,232] - Reflections took 10 ms to scan 1 urls, producing 1 keys and 5 values 
22:40:23.950 [32m[main][0;39m INFO  [34mo.r.Reflections[0;39m - [scan,232] - Reflections took 11 ms to scan 1 urls, producing 1 keys and 7 values 
22:40:23.961 [32m[main][0;39m INFO  [34mo.r.Reflections[0;39m - [scan,232] - Reflections took 8 ms to scan 1 urls, producing 2 keys and 8 values 
22:40:24.077 [32m[main][0;39m INFO  [34mo.r.Reflections[0;39m - [scan,232] - Reflections took 113 ms to scan 152 urls, producing 0 keys and 0 values 
22:40:24.081 [32m[main][0;39m INFO  [34mc.a.n.c.r.client[0;39m - [printIfInfoEnabled,60] - [5676f08d-2f0b-41e2-ac68-687f0c7cdd6e_config-0] RpcClient init label, labels = {module=config, Vipserver-Tag=null, source=sdk, Amory-Tag=null, Location-Tag=null, taskId=0, AppName=unknown}
22:40:24.087 [32m[main][0;39m INFO  [34mc.a.n.c.r.client[0;39m - [printIfInfoEnabled,60] - [5676f08d-2f0b-41e2-ac68-687f0c7cdd6e_config-0] Register server push request handler:com.alibaba.nacos.client.config.impl.ClientWorker$ConfigRpcTransportClient$$Lambda$325/1634411546
22:40:24.087 [32m[main][0;39m INFO  [34mc.a.n.c.r.client[0;39m - [printIfInfoEnabled,60] - [5676f08d-2f0b-41e2-ac68-687f0c7cdd6e_config-0] Register server push request handler:com.alibaba.nacos.client.config.impl.ClientWorker$ConfigRpcTransportClient$$Lambda$326/193864812
22:40:24.089 [32m[main][0;39m INFO  [34mc.a.n.c.r.client[0;39m - [printIfInfoEnabled,60] - [5676f08d-2f0b-41e2-ac68-687f0c7cdd6e_config-0] Registry connection listener to current client:com.alibaba.nacos.client.config.impl.ClientWorker$ConfigRpcTransportClient$1
22:40:24.090 [32m[main][0;39m INFO  [34mc.a.n.c.r.client[0;39m - [printIfInfoEnabled,60] - [5676f08d-2f0b-41e2-ac68-687f0c7cdd6e_config-0] RpcClient init, ServerListFactory = com.alibaba.nacos.client.config.impl.ClientWorker$ConfigRpcTransportClient$2
22:40:24.098 [32m[main][0;39m INFO  [34mc.a.n.c.r.client[0;39m - [printIfInfoEnabled,60] - [5676f08d-2f0b-41e2-ac68-687f0c7cdd6e_config-0] Try to connect to server on start up, server: {serverIp = '123.249.79.51', server main port = 8848}
22:40:24.684 [32m[main][0;39m INFO  [34mc.a.n.c.r.client[0;39m - [printIfInfoEnabled,60] - [5676f08d-2f0b-41e2-ac68-687f0c7cdd6e_config-0] Success to connect to server [123.249.79.51:8848] on start up, connectionId = 1715870424636_111.194.79.77_6291
22:40:24.687 [32m[com.alibaba.nacos.client.remote.worker][0;39m INFO  [34mc.a.n.c.r.client[0;39m - [printIfInfoEnabled,60] - [5676f08d-2f0b-41e2-ac68-687f0c7cdd6e_config-0] Notify connected event to listeners.
22:40:24.687 [32m[main][0;39m INFO  [34mc.a.n.c.r.client[0;39m - [printIfInfoEnabled,60] - [5676f08d-2f0b-41e2-ac68-687f0c7cdd6e_config-0] Register server push request handler:com.alibaba.nacos.common.remote.client.RpcClient$ConnectResetRequestHandler
22:40:24.690 [32m[main][0;39m INFO  [34mc.a.n.c.r.client[0;39m - [printIfInfoEnabled,60] - [5676f08d-2f0b-41e2-ac68-687f0c7cdd6e_config-0] Register server push request handler:com.alibaba.nacos.common.remote.client.RpcClient$$Lambda$334/1283364748
22:40:24.809 [32m[main][0;39m INFO  [34mo.s.c.b.c.PropertySourceBootstrapConfiguration[0;39m - [initialize,109] - Located property source: [BootstrapPropertySource {name='bootstrapProperties-container-order-dev.yaml,CONTAINER_GROUP'}, BootstrapPropertySource {name='bootstrapProperties-container-order.yaml,CONTAINER_GROUP'}, BootstrapPropertySource {name='bootstrapProperties-container-order,CONTAINER_GROUP'}]
22:40:24.853 [32m[main][0;39m INFO  [34mc.f.o.ContainerOrderApplication[0;39m - [logStartupProfileInfo,637] - The following 1 profile is active: "dev"
22:40:25.941 [32m[main][0;39m INFO  [34mo.s.d.r.c.RepositoryConfigurationDelegate[0;39m - [multipleStoresDetected,262] - Multiple Spring Data modules found, entering strict repository configuration mode
22:40:25.944 [32m[main][0;39m INFO  [34mo.s.d.r.c.RepositoryConfigurationDelegate[0;39m - [registerRepositoriesIn,132] - Bootstrapping Spring Data Redis repositories in DEFAULT mode.
22:40:25.966 [32m[main][0;39m INFO  [34mo.s.d.r.c.RepositoryConfigurationDelegate[0;39m - [registerRepositoriesIn,201] - Finished Spring Data repository scanning in 13 ms. Found 0 Redis repository interfaces.
22:40:26.287 [32m[main][0;39m INFO  [34mo.s.c.c.s.GenericScope[0;39m - [setSerializationId,283] - BeanFactory id=080e270a-6898-3c78-9791-a88e531fb07c
22:40:26.494 [32m[main][0;39m INFO  [34mo.s.c.s.PostProcessorRegistrationDelegate$BeanPostProcessorChecker[0;39m - [postProcessAfterInitialization,376] - Bean 'cn.fuguang.common.redis.configure.RedisConfig' of type [cn.fuguang.common.redis.configure.RedisConfig$$EnhancerBySpringCGLIB$$85dcbc14] is not eligible for getting processed by all BeanPostProcessors (for example: not eligible for auto-proxying)
22:40:26.809 [32m[main][0;39m INFO  [34mo.s.b.w.e.t.TomcatWebServer[0;39m - [initialize,108] - Tomcat initialized with port(s): 9960 (http)
22:40:26.818 [32m[main][0;39m INFO  [34mo.a.c.h.Http11NioProtocol[0;39m - [log,173] - Initializing ProtocolHandler ["http-nio-9960"]
22:40:26.819 [32m[main][0;39m INFO  [34mo.a.c.c.StandardService[0;39m - [log,173] - Starting service [Tomcat]
22:40:26.819 [32m[main][0;39m INFO  [34mo.a.c.c.StandardEngine[0;39m - [log,173] - Starting Servlet engine: [Apache Tomcat/9.0.70]
22:40:26.987 [32m[main][0;39m INFO  [34mo.a.c.c.C.[.[.[/order][0;39m - [log,173] - Initializing Spring embedded WebApplicationContext
22:40:26.987 [32m[main][0;39m INFO  [34mo.s.b.w.s.c.ServletWebServerApplicationContext[0;39m - [prepareWebApplicationContext,292] - Root WebApplicationContext: initialization completed in 2107 ms
22:40:27.123 [32m[main][0;39m INFO  [34mc.a.d.s.b.a.DruidDataSourceAutoConfigure[0;39m - [dataSource,55] - Init DruidDataSource
22:40:27.246 [32m[main][0;39m INFO  [34mc.a.d.p.DruidDataSource[0;39m - [init,985] - {dataSource-1} inited
22:40:27.846 [32m[main][0;39m INFO  [34morg.redisson.Version[0;39m - [logVersion,41] - Redisson 3.13.6
22:40:28.238 [32m[redisson-netty-2-13][0;39m INFO  [34mo.r.c.p.MasterPubSubConnectionPool[0;39m - [lambda$run$0,167] - 1 connections initialized for /117.78.8.197:6379
22:40:28.425 [32m[redisson-netty-2-19][0;39m INFO  [34mo.r.c.p.MasterConnectionPool[0;39m - [lambda$run$0,167] - 24 connections initialized for /117.78.8.197:6379
22:40:28.954 [32m[main][0;39m INFO  [34mo.s.c.o.FeignClientFactoryBean[0;39m - [getTarget,418] - For 'container-channel' URL not provided. Will try picking an instance via load-balancing.
22:40:29.912 [32m[main][0;39m INFO  [34mo.s.b.a.e.w.EndpointLinksResolver[0;39m - [<init>,58] - Exposing 1 endpoint(s) beneath base path '/actuator'
22:40:30.029 [32m[main][0;39m INFO  [34mc.a.n.c.r.client[0;39m - [lambda$createClient$0,80] - [RpcClientFactory] create a new rpc client of 62ea2f2b-36d3-4e63-810b-0745b1f05181
22:40:30.030 [32m[main][0;39m INFO  [34mc.a.n.c.r.client[0;39m - [printIfInfoEnabled,60] - [62ea2f2b-36d3-4e63-810b-0745b1f05181] RpcClient init label, labels = {module=naming, source=sdk}
22:40:30.033 [32m[main][0;39m INFO  [34mc.a.n.c.r.client[0;39m - [printIfInfoEnabled,60] - [62ea2f2b-36d3-4e63-810b-0745b1f05181] RpcClient init, ServerListFactory = com.alibaba.nacos.client.naming.core.ServerListManager
22:40:30.033 [32m[main][0;39m INFO  [34mc.a.n.c.r.client[0;39m - [printIfInfoEnabled,60] - [62ea2f2b-36d3-4e63-810b-0745b1f05181] Registry connection listener to current client:com.alibaba.nacos.client.naming.remote.gprc.redo.NamingGrpcRedoService
22:40:30.035 [32m[main][0;39m INFO  [34mc.a.n.c.r.client[0;39m - [printIfInfoEnabled,60] - [62ea2f2b-36d3-4e63-810b-0745b1f05181] Register server push request handler:com.alibaba.nacos.client.naming.remote.gprc.NamingPushRequestHandler
22:40:30.036 [32m[main][0;39m INFO  [34mc.a.n.c.r.client[0;39m - [printIfInfoEnabled,60] - [62ea2f2b-36d3-4e63-810b-0745b1f05181] Try to connect to server on start up, server: {serverIp = '123.249.79.51', server main port = 8848}
22:40:30.202 [32m[main][0;39m INFO  [34mc.a.n.c.r.client[0;39m - [printIfInfoEnabled,60] - [62ea2f2b-36d3-4e63-810b-0745b1f05181] Success to connect to server [123.249.79.51:8848] on start up, connectionId = 1715870430204_111.194.79.77_6335
22:40:30.204 [32m[main][0;39m INFO  [34mc.a.n.c.r.client[0;39m - [printIfInfoEnabled,60] - [62ea2f2b-36d3-4e63-810b-0745b1f05181] Register server push request handler:com.alibaba.nacos.common.remote.client.RpcClient$ConnectResetRequestHandler
22:40:30.204 [32m[main][0;39m INFO  [34mc.a.n.c.r.client[0;39m - [printIfInfoEnabled,60] - [62ea2f2b-36d3-4e63-810b-0745b1f05181] Register server push request handler:com.alibaba.nacos.common.remote.client.RpcClient$$Lambda$334/1283364748
22:40:30.204 [32m[com.alibaba.nacos.client.remote.worker][0;39m INFO  [34mc.a.n.c.r.client[0;39m - [printIfInfoEnabled,60] - [62ea2f2b-36d3-4e63-810b-0745b1f05181] Notify connected event to listeners.
22:40:30.280 [32m[main][0;39m INFO  [34mo.a.c.h.Http11NioProtocol[0;39m - [log,173] - Starting ProtocolHandler ["http-nio-9960"]
22:40:30.295 [32m[main][0;39m INFO  [34mo.s.b.w.e.t.TomcatWebServer[0;39m - [start,220] - Tomcat started on port(s): 9960 (http) with context path '/order'
22:40:30.322 [32m[main][0;39m INFO  [34mc.a.c.n.r.NacosServiceRegistry[0;39m - [register,75] - nacos registry, DEFAULT_GROUP container-order 192.168.2.101:9960 register finished
22:40:30.349 [32m[main][0;39m INFO  [34mc.f.o.ContainerOrderApplication[0;39m - [logStarted,61] - Started ContainerOrderApplication in 7.828 seconds (JVM running for 8.857)
22:40:30.360 [32m[main][0;39m INFO  [34mc.a.c.n.r.NacosContextRefresher[0;39m - [registerNacosListener,129] - [Nacos Config] Listening config: dataId=container-order.yaml, group=CONTAINER_GROUP
22:40:30.361 [32m[main][0;39m INFO  [34mc.a.c.n.r.NacosContextRefresher[0;39m - [registerNacosListener,129] - [Nacos Config] Listening config: dataId=container-order, group=CONTAINER_GROUP
22:40:30.363 [32m[main][0;39m INFO  [34mc.a.c.n.r.NacosContextRefresher[0;39m - [registerNacosListener,129] - [Nacos Config] Listening config: dataId=container-order-dev.yaml, group=CONTAINER_GROUP
22:40:30.586 [32m[RMI TCP Connection(4)-192.168.2.101][0;39m INFO  [34mo.a.c.c.C.[.[.[/order][0;39m - [log,173] - Initializing Spring DispatcherServlet 'dispatcherServlet'
22:40:30.587 [32m[RMI TCP Connection(4)-192.168.2.101][0;39m INFO  [34mo.s.w.s.DispatcherServlet[0;39m - [initServletBean,525] - Initializing Servlet 'dispatcherServlet'
22:40:30.592 [32m[RMI TCP Connection(4)-192.168.2.101][0;39m INFO  [34mo.s.w.s.DispatcherServlet[0;39m - [initServletBean,547] - Completed initialization in 5 ms
22:40:30.859 [32m[nacos-grpc-client-executor-10][0;39m INFO  [34mc.a.n.c.r.client[0;39m - [printIfInfoEnabled,60] - [62ea2f2b-36d3-4e63-810b-0745b1f05181] Receive server push request, request = NotifySubscriberRequest, requestId = 36
22:40:30.878 [32m[nacos-grpc-client-executor-10][0;39m INFO  [34mc.a.n.c.r.client[0;39m - [printIfInfoEnabled,60] - [62ea2f2b-36d3-4e63-810b-0745b1f05181] Ack server push request, request = NotifySubscriberRequest, requestId = 36
22:41:09.867 [32m[SpringApplicationShutdownHook][0;39m INFO  [34mc.a.c.n.r.NacosServiceRegistry[0;39m - [deregister,94] - De-registering from Nacos Server now...
22:41:09.888 [32m[SpringApplicationShutdownHook][0;39m INFO  [34mc.a.c.n.r.NacosServiceRegistry[0;39m - [deregister,114] - De-registration finished.
22:41:10.199 [32m[SpringApplicationShutdownHook][0;39m INFO  [34mc.a.n.c.r.client[0;39m - [shutdown,454] - Shutdown rpc client, set status to shutdown
22:41:10.200 [32m[SpringApplicationShutdownHook][0;39m INFO  [34mc.a.n.c.r.client[0;39m - [shutdown,456] - Shutdown client event executor java.util.concurrent.ScheduledThreadPoolExecutor@57d5bba8[Running, pool size = 2, active threads = 2, queued tasks = 0, completed tasks = 0]
22:41:10.200 [32m[SpringApplicationShutdownHook][0;39m INFO  [34mc.a.n.c.r.client[0;39m - [closeConnection,591] - Close current connection 1715870430204_111.194.79.77_6335
22:41:10.204 [32m[SpringApplicationShutdownHook][0;39m INFO  [34mc.a.n.c.r.c.g.GrpcClient[0;39m - [shutdown,85] - Shutdown grpc executor java.util.concurrent.ThreadPoolExecutor@1349f4b7[Running, pool size = 5, active threads = 0, queued tasks = 0, completed tasks = 29]
22:41:10.301 [32m[SpringApplicationShutdownHook][0;39m INFO  [34mc.a.d.p.DruidDataSource[0;39m - [close,2105] - {dataSource-1} closing ...
22:41:10.324 [32m[SpringApplicationShutdownHook][0;39m INFO  [34mc.a.d.p.DruidDataSource[0;39m - [close,2178] - {dataSource-1} closed
22:41:14.377 [32m[main][0;39m INFO  [34mc.a.n.c.r.client[0;39m - [lambda$createClient$0,80] - [RpcClientFactory] create a new rpc client of 39d04aa6-d563-4a86-b58e-7e285b98b4c9_config-0
22:41:14.426 [32m[main][0;39m INFO  [34mo.r.Reflections[0;39m - [scan,232] - Reflections took 33 ms to scan 1 urls, producing 3 keys and 6 values 
22:41:14.453 [32m[main][0;39m INFO  [34mo.r.Reflections[0;39m - [scan,232] - Reflections took 15 ms to scan 1 urls, producing 4 keys and 9 values 
22:41:14.471 [32m[main][0;39m INFO  [34mo.r.Reflections[0;39m - [scan,232] - Reflections took 15 ms to scan 1 urls, producing 3 keys and 10 values 
22:41:14.597 [32m[main][0;39m INFO  [34mo.r.Reflections[0;39m - [scan,232] - Reflections took 123 ms to scan 152 urls, producing 0 keys and 0 values 
22:41:14.609 [32m[main][0;39m INFO  [34mo.r.Reflections[0;39m - [scan,232] - Reflections took 9 ms to scan 1 urls, producing 1 keys and 5 values 
22:41:14.625 [32m[main][0;39m INFO  [34mo.r.Reflections[0;39m - [scan,232] - Reflections took 13 ms to scan 1 urls, producing 1 keys and 7 values 
22:41:14.638 [32m[main][0;39m INFO  [34mo.r.Reflections[0;39m - [scan,232] - Reflections took 9 ms to scan 1 urls, producing 2 keys and 8 values 
22:41:14.755 [32m[main][0;39m INFO  [34mo.r.Reflections[0;39m - [scan,232] - Reflections took 114 ms to scan 152 urls, producing 0 keys and 0 values 
22:41:14.757 [32m[main][0;39m INFO  [34mc.a.n.c.r.client[0;39m - [printIfInfoEnabled,60] - [39d04aa6-d563-4a86-b58e-7e285b98b4c9_config-0] RpcClient init label, labels = {module=config, Vipserver-Tag=null, source=sdk, Amory-Tag=null, Location-Tag=null, taskId=0, AppName=unknown}
22:41:14.758 [32m[main][0;39m INFO  [34mc.a.n.c.r.client[0;39m - [printIfInfoEnabled,60] - [39d04aa6-d563-4a86-b58e-7e285b98b4c9_config-0] Register server push request handler:com.alibaba.nacos.client.config.impl.ClientWorker$ConfigRpcTransportClient$$Lambda$325/1876390738
22:41:14.758 [32m[main][0;39m INFO  [34mc.a.n.c.r.client[0;39m - [printIfInfoEnabled,60] - [39d04aa6-d563-4a86-b58e-7e285b98b4c9_config-0] Register server push request handler:com.alibaba.nacos.client.config.impl.ClientWorker$ConfigRpcTransportClient$$Lambda$326/1359603919
22:41:14.759 [32m[main][0;39m INFO  [34mc.a.n.c.r.client[0;39m - [printIfInfoEnabled,60] - [39d04aa6-d563-4a86-b58e-7e285b98b4c9_config-0] Registry connection listener to current client:com.alibaba.nacos.client.config.impl.ClientWorker$ConfigRpcTransportClient$1
22:41:14.760 [32m[main][0;39m INFO  [34mc.a.n.c.r.client[0;39m - [printIfInfoEnabled,60] - [39d04aa6-d563-4a86-b58e-7e285b98b4c9_config-0] RpcClient init, ServerListFactory = com.alibaba.nacos.client.config.impl.ClientWorker$ConfigRpcTransportClient$2
22:41:14.766 [32m[main][0;39m INFO  [34mc.a.n.c.r.client[0;39m - [printIfInfoEnabled,60] - [39d04aa6-d563-4a86-b58e-7e285b98b4c9_config-0] Try to connect to server on start up, server: {serverIp = '123.249.79.51', server main port = 8848}
22:41:15.369 [32m[main][0;39m INFO  [34mc.a.n.c.r.client[0;39m - [printIfInfoEnabled,60] - [39d04aa6-d563-4a86-b58e-7e285b98b4c9_config-0] Success to connect to server [123.249.79.51:8848] on start up, connectionId = 1715870475323_111.194.79.77_7200
22:41:15.372 [32m[com.alibaba.nacos.client.remote.worker][0;39m INFO  [34mc.a.n.c.r.client[0;39m - [printIfInfoEnabled,60] - [39d04aa6-d563-4a86-b58e-7e285b98b4c9_config-0] Notify connected event to listeners.
22:41:15.373 [32m[main][0;39m INFO  [34mc.a.n.c.r.client[0;39m - [printIfInfoEnabled,60] - [39d04aa6-d563-4a86-b58e-7e285b98b4c9_config-0] Register server push request handler:com.alibaba.nacos.common.remote.client.RpcClient$ConnectResetRequestHandler
22:41:15.380 [32m[main][0;39m INFO  [34mc.a.n.c.r.client[0;39m - [printIfInfoEnabled,60] - [39d04aa6-d563-4a86-b58e-7e285b98b4c9_config-0] Register server push request handler:com.alibaba.nacos.common.remote.client.RpcClient$$Lambda$334/2028042905
22:41:15.476 [32m[main][0;39m INFO  [34mo.s.c.b.c.PropertySourceBootstrapConfiguration[0;39m - [initialize,109] - Located property source: [BootstrapPropertySource {name='bootstrapProperties-container-order-dev.yaml,CONTAINER_GROUP'}, BootstrapPropertySource {name='bootstrapProperties-container-order.yaml,CONTAINER_GROUP'}, BootstrapPropertySource {name='bootstrapProperties-container-order,CONTAINER_GROUP'}]
22:41:15.527 [32m[main][0;39m INFO  [34mc.f.o.ContainerOrderApplication[0;39m - [logStartupProfileInfo,637] - The following 1 profile is active: "dev"
22:41:16.592 [32m[main][0;39m INFO  [34mo.s.d.r.c.RepositoryConfigurationDelegate[0;39m - [multipleStoresDetected,262] - Multiple Spring Data modules found, entering strict repository configuration mode
22:41:16.595 [32m[main][0;39m INFO  [34mo.s.d.r.c.RepositoryConfigurationDelegate[0;39m - [registerRepositoriesIn,132] - Bootstrapping Spring Data Redis repositories in DEFAULT mode.
22:41:16.616 [32m[main][0;39m INFO  [34mo.s.d.r.c.RepositoryConfigurationDelegate[0;39m - [registerRepositoriesIn,201] - Finished Spring Data repository scanning in 12 ms. Found 0 Redis repository interfaces.
22:41:16.979 [32m[main][0;39m INFO  [34mo.s.c.c.s.GenericScope[0;39m - [setSerializationId,283] - BeanFactory id=080e270a-6898-3c78-9791-a88e531fb07c
22:41:17.180 [32m[main][0;39m INFO  [34mo.s.c.s.PostProcessorRegistrationDelegate$BeanPostProcessorChecker[0;39m - [postProcessAfterInitialization,376] - Bean 'cn.fuguang.common.redis.configure.RedisConfig' of type [cn.fuguang.common.redis.configure.RedisConfig$$EnhancerBySpringCGLIB$$363e6181] is not eligible for getting processed by all BeanPostProcessors (for example: not eligible for auto-proxying)
22:41:17.480 [32m[main][0;39m INFO  [34mo.s.b.w.e.t.TomcatWebServer[0;39m - [initialize,108] - Tomcat initialized with port(s): 9960 (http)
22:41:17.487 [32m[main][0;39m INFO  [34mo.a.c.h.Http11NioProtocol[0;39m - [log,173] - Initializing ProtocolHandler ["http-nio-9960"]
22:41:17.488 [32m[main][0;39m INFO  [34mo.a.c.c.StandardService[0;39m - [log,173] - Starting service [Tomcat]
22:41:17.488 [32m[main][0;39m INFO  [34mo.a.c.c.StandardEngine[0;39m - [log,173] - Starting Servlet engine: [Apache Tomcat/9.0.70]
22:41:17.655 [32m[main][0;39m INFO  [34mo.a.c.c.C.[.[.[/order][0;39m - [log,173] - Initializing Spring embedded WebApplicationContext
22:41:17.655 [32m[main][0;39m INFO  [34mo.s.b.w.s.c.ServletWebServerApplicationContext[0;39m - [prepareWebApplicationContext,292] - Root WebApplicationContext: initialization completed in 2104 ms
22:41:17.776 [32m[main][0;39m INFO  [34mc.a.d.s.b.a.DruidDataSourceAutoConfigure[0;39m - [dataSource,55] - Init DruidDataSource
22:41:17.892 [32m[main][0;39m INFO  [34mc.a.d.p.DruidDataSource[0;39m - [init,985] - {dataSource-1} inited
22:41:18.482 [32m[main][0;39m INFO  [34morg.redisson.Version[0;39m - [logVersion,41] - Redisson 3.13.6
22:41:18.851 [32m[redisson-netty-2-15][0;39m INFO  [34mo.r.c.p.MasterPubSubConnectionPool[0;39m - [lambda$run$0,167] - 1 connections initialized for /117.78.8.197:6379
22:41:18.975 [32m[redisson-netty-2-17][0;39m INFO  [34mo.r.c.p.MasterConnectionPool[0;39m - [lambda$run$0,167] - 24 connections initialized for /117.78.8.197:6379
22:41:19.506 [32m[main][0;39m INFO  [34mo.s.c.o.FeignClientFactoryBean[0;39m - [getTarget,418] - For 'container-channel' URL not provided. Will try picking an instance via load-balancing.
22:41:20.484 [32m[main][0;39m INFO  [34mo.s.b.a.e.w.EndpointLinksResolver[0;39m - [<init>,58] - Exposing 1 endpoint(s) beneath base path '/actuator'
22:41:20.599 [32m[main][0;39m INFO  [34mc.a.n.c.r.client[0;39m - [lambda$createClient$0,80] - [RpcClientFactory] create a new rpc client of 60647ad1-a065-4287-b680-f9dacab674eb
22:41:20.599 [32m[main][0;39m INFO  [34mc.a.n.c.r.client[0;39m - [printIfInfoEnabled,60] - [60647ad1-a065-4287-b680-f9dacab674eb] RpcClient init label, labels = {module=naming, source=sdk}
22:41:20.600 [32m[main][0;39m INFO  [34mc.a.n.c.r.client[0;39m - [printIfInfoEnabled,60] - [60647ad1-a065-4287-b680-f9dacab674eb] RpcClient init, ServerListFactory = com.alibaba.nacos.client.naming.core.ServerListManager
22:41:20.600 [32m[main][0;39m INFO  [34mc.a.n.c.r.client[0;39m - [printIfInfoEnabled,60] - [60647ad1-a065-4287-b680-f9dacab674eb] Registry connection listener to current client:com.alibaba.nacos.client.naming.remote.gprc.redo.NamingGrpcRedoService
22:41:20.601 [32m[main][0;39m INFO  [34mc.a.n.c.r.client[0;39m - [printIfInfoEnabled,60] - [60647ad1-a065-4287-b680-f9dacab674eb] Register server push request handler:com.alibaba.nacos.client.naming.remote.gprc.NamingPushRequestHandler
22:41:20.601 [32m[main][0;39m INFO  [34mc.a.n.c.r.client[0;39m - [printIfInfoEnabled,60] - [60647ad1-a065-4287-b680-f9dacab674eb] Try to connect to server on start up, server: {serverIp = '123.249.79.51', server main port = 8848}
22:41:20.773 [32m[main][0;39m INFO  [34mc.a.n.c.r.client[0;39m - [printIfInfoEnabled,60] - [60647ad1-a065-4287-b680-f9dacab674eb] Success to connect to server [123.249.79.51:8848] on start up, connectionId = 1715870480768_111.194.79.77_6914
22:41:20.775 [32m[main][0;39m INFO  [34mc.a.n.c.r.client[0;39m - [printIfInfoEnabled,60] - [60647ad1-a065-4287-b680-f9dacab674eb] Register server push request handler:com.alibaba.nacos.common.remote.client.RpcClient$ConnectResetRequestHandler
22:41:20.775 [32m[com.alibaba.nacos.client.remote.worker][0;39m INFO  [34mc.a.n.c.r.client[0;39m - [printIfInfoEnabled,60] - [60647ad1-a065-4287-b680-f9dacab674eb] Notify connected event to listeners.
22:41:20.776 [32m[main][0;39m INFO  [34mc.a.n.c.r.client[0;39m - [printIfInfoEnabled,60] - [60647ad1-a065-4287-b680-f9dacab674eb] Register server push request handler:com.alibaba.nacos.common.remote.client.RpcClient$$Lambda$334/2028042905
22:41:20.850 [32m[main][0;39m INFO  [34mo.a.c.h.Http11NioProtocol[0;39m - [log,173] - Starting ProtocolHandler ["http-nio-9960"]
22:41:20.864 [32m[main][0;39m INFO  [34mo.s.b.w.e.t.TomcatWebServer[0;39m - [start,220] - Tomcat started on port(s): 9960 (http) with context path '/order'
22:41:20.891 [32m[main][0;39m INFO  [34mc.a.c.n.r.NacosServiceRegistry[0;39m - [register,75] - nacos registry, DEFAULT_GROUP container-order 192.168.2.101:9960 register finished
22:41:20.916 [32m[main][0;39m INFO  [34mc.f.o.ContainerOrderApplication[0;39m - [logStarted,61] - Started ContainerOrderApplication in 7.742 seconds (JVM running for 9.46)
22:41:20.927 [32m[main][0;39m INFO  [34mc.a.c.n.r.NacosContextRefresher[0;39m - [registerNacosListener,129] - [Nacos Config] Listening config: dataId=container-order.yaml, group=CONTAINER_GROUP
22:41:20.928 [32m[main][0;39m INFO  [34mc.a.c.n.r.NacosContextRefresher[0;39m - [registerNacosListener,129] - [Nacos Config] Listening config: dataId=container-order, group=CONTAINER_GROUP
22:41:20.929 [32m[main][0;39m INFO  [34mc.a.c.n.r.NacosContextRefresher[0;39m - [registerNacosListener,129] - [Nacos Config] Listening config: dataId=container-order-dev.yaml, group=CONTAINER_GROUP
22:41:21.352 [32m[RMI TCP Connection(3)-192.168.2.101][0;39m INFO  [34mo.a.c.c.C.[.[.[/order][0;39m - [log,173] - Initializing Spring DispatcherServlet 'dispatcherServlet'
22:41:21.353 [32m[RMI TCP Connection(3)-192.168.2.101][0;39m INFO  [34mo.s.w.s.DispatcherServlet[0;39m - [initServletBean,525] - Initializing Servlet 'dispatcherServlet'
22:41:21.358 [32m[RMI TCP Connection(3)-192.168.2.101][0;39m INFO  [34mo.s.w.s.DispatcherServlet[0;39m - [initServletBean,547] - Completed initialization in 4 ms
22:41:21.407 [32m[nacos-grpc-client-executor-9][0;39m INFO  [34mc.a.n.c.r.client[0;39m - [printIfInfoEnabled,60] - [60647ad1-a065-4287-b680-f9dacab674eb] Receive server push request, request = NotifySubscriberRequest, requestId = 37
22:41:21.425 [32m[nacos-grpc-client-executor-9][0;39m INFO  [34mc.a.n.c.r.client[0;39m - [printIfInfoEnabled,60] - [60647ad1-a065-4287-b680-f9dacab674eb] Ack server push request, request = NotifySubscriberRequest, requestId = 37
22:42:57.767 [32m[SpringApplicationShutdownHook][0;39m INFO  [34mc.a.c.n.r.NacosServiceRegistry[0;39m - [deregister,94] - De-registering from Nacos Server now...
22:42:57.797 [32m[SpringApplicationShutdownHook][0;39m INFO  [34mc.a.c.n.r.NacosServiceRegistry[0;39m - [deregister,114] - De-registration finished.
22:42:58.115 [32m[SpringApplicationShutdownHook][0;39m INFO  [34mc.a.n.c.r.client[0;39m - [shutdown,454] - Shutdown rpc client, set status to shutdown
22:42:58.116 [32m[SpringApplicationShutdownHook][0;39m INFO  [34mc.a.n.c.r.client[0;39m - [shutdown,456] - Shutdown client event executor java.util.concurrent.ScheduledThreadPoolExecutor@3c0cdf1[Running, pool size = 2, active threads = 2, queued tasks = 0, completed tasks = 0]
22:42:58.116 [32m[SpringApplicationShutdownHook][0;39m INFO  [34mc.a.n.c.r.client[0;39m - [closeConnection,591] - Close current connection 1715870480768_111.194.79.77_6914
22:42:58.129 [32m[SpringApplicationShutdownHook][0;39m INFO  [34mc.a.n.c.r.c.g.GrpcClient[0;39m - [shutdown,85] - Shutdown grpc executor java.util.concurrent.ThreadPoolExecutor@79a5092[Running, pool size = 9, active threads = 0, queued tasks = 0, completed tasks = 50]
22:42:58.292 [32m[SpringApplicationShutdownHook][0;39m INFO  [34mc.a.d.p.DruidDataSource[0;39m - [close,2105] - {dataSource-1} closing ...
22:42:58.312 [32m[SpringApplicationShutdownHook][0;39m INFO  [34mc.a.d.p.DruidDataSource[0;39m - [close,2178] - {dataSource-1} closed
22:43:13.043 [32m[main][0;39m INFO  [34mc.a.n.c.r.client[0;39m - [lambda$createClient$0,80] - [RpcClientFactory] create a new rpc client of ebd10189-8e32-476c-8c12-6f0b2afe2acb_config-0
22:43:13.128 [32m[main][0;39m INFO  [34mo.r.Reflections[0;39m - [scan,232] - Reflections took 47 ms to scan 1 urls, producing 3 keys and 6 values 
22:43:13.167 [32m[main][0;39m INFO  [34mo.r.Reflections[0;39m - [scan,232] - Reflections took 19 ms to scan 1 urls, producing 4 keys and 9 values 
22:43:13.305 [32m[main][0;39m INFO  [34mo.r.Reflections[0;39m - [scan,232] - Reflections took 123 ms to scan 1 urls, producing 3 keys and 10 values 
22:43:13.635 [32m[main][0;39m INFO  [34mo.r.Reflections[0;39m - [scan,232] - Reflections took 322 ms to scan 198 urls, producing 0 keys and 0 values 
22:43:13.657 [32m[main][0;39m INFO  [34mo.r.Reflections[0;39m - [scan,232] - Reflections took 12 ms to scan 1 urls, producing 1 keys and 5 values 
22:43:13.817 [32m[main][0;39m INFO  [34mo.r.Reflections[0;39m - [scan,232] - Reflections took 66 ms to scan 1 urls, producing 1 keys and 7 values 
22:43:13.900 [32m[main][0;39m INFO  [34mo.r.Reflections[0;39m - [scan,232] - Reflections took 13 ms to scan 1 urls, producing 2 keys and 8 values 
22:43:14.117 [32m[main][0;39m INFO  [34mo.r.Reflections[0;39m - [scan,232] - Reflections took 198 ms to scan 198 urls, producing 0 keys and 0 values 
22:43:14.126 [32m[main][0;39m INFO  [34mc.a.n.c.r.client[0;39m - [printIfInfoEnabled,60] - [ebd10189-8e32-476c-8c12-6f0b2afe2acb_config-0] RpcClient init label, labels = {module=config, Vipserver-Tag=null, source=sdk, Amory-Tag=null, Location-Tag=null, taskId=0, AppName=unknown}
22:43:14.132 [32m[main][0;39m INFO  [34mc.a.n.c.r.client[0;39m - [printIfInfoEnabled,60] - [ebd10189-8e32-476c-8c12-6f0b2afe2acb_config-0] Register server push request handler:com.alibaba.nacos.client.config.impl.ClientWorker$ConfigRpcTransportClient$$Lambda$325/694329275
22:43:14.133 [32m[main][0;39m INFO  [34mc.a.n.c.r.client[0;39m - [printIfInfoEnabled,60] - [ebd10189-8e32-476c-8c12-6f0b2afe2acb_config-0] Register server push request handler:com.alibaba.nacos.client.config.impl.ClientWorker$ConfigRpcTransportClient$$Lambda$326/1746590863
22:43:14.134 [32m[main][0;39m INFO  [34mc.a.n.c.r.client[0;39m - [printIfInfoEnabled,60] - [ebd10189-8e32-476c-8c12-6f0b2afe2acb_config-0] Registry connection listener to current client:com.alibaba.nacos.client.config.impl.ClientWorker$ConfigRpcTransportClient$1
22:43:14.135 [32m[main][0;39m INFO  [34mc.a.n.c.r.client[0;39m - [printIfInfoEnabled,60] - [ebd10189-8e32-476c-8c12-6f0b2afe2acb_config-0] RpcClient init, ServerListFactory = com.alibaba.nacos.client.config.impl.ClientWorker$ConfigRpcTransportClient$2
22:43:14.145 [32m[main][0;39m INFO  [34mc.a.n.c.r.client[0;39m - [printIfInfoEnabled,60] - [ebd10189-8e32-476c-8c12-6f0b2afe2acb_config-0] Try to connect to server on start up, server: {serverIp = '123.249.79.51', server main port = 8848}
22:43:15.366 [32m[main][0;39m INFO  [34mc.a.n.c.r.client[0;39m - [printIfInfoEnabled,60] - [ebd10189-8e32-476c-8c12-6f0b2afe2acb_config-0] Success to connect to server [123.249.79.51:8848] on start up, connectionId = 1715870595299_111.194.79.77_7780
22:43:15.370 [32m[com.alibaba.nacos.client.remote.worker][0;39m INFO  [34mc.a.n.c.r.client[0;39m - [printIfInfoEnabled,60] - [ebd10189-8e32-476c-8c12-6f0b2afe2acb_config-0] Notify connected event to listeners.
22:43:15.371 [32m[main][0;39m INFO  [34mc.a.n.c.r.client[0;39m - [printIfInfoEnabled,60] - [ebd10189-8e32-476c-8c12-6f0b2afe2acb_config-0] Register server push request handler:com.alibaba.nacos.common.remote.client.RpcClient$ConnectResetRequestHandler
22:43:15.377 [32m[main][0;39m INFO  [34mc.a.n.c.r.client[0;39m - [printIfInfoEnabled,60] - [ebd10189-8e32-476c-8c12-6f0b2afe2acb_config-0] Register server push request handler:com.alibaba.nacos.common.remote.client.RpcClient$$Lambda$334/2060569250
22:43:15.569 [32m[main][0;39m INFO  [34mo.s.c.b.c.PropertySourceBootstrapConfiguration[0;39m - [initialize,109] - Located property source: [BootstrapPropertySource {name='bootstrapProperties-container-order-dev.yaml,CONTAINER_GROUP'}, BootstrapPropertySource {name='bootstrapProperties-container-order.yaml,CONTAINER_GROUP'}, BootstrapPropertySource {name='bootstrapProperties-container-order,CONTAINER_GROUP'}]
22:43:15.903 [32m[main][0;39m INFO  [34mc.f.o.ContainerOrderApplication[0;39m - [logStartupProfileInfo,637] - The following 1 profile is active: "dev"
22:43:17.822 [32m[main][0;39m INFO  [34mo.s.d.r.c.RepositoryConfigurationDelegate[0;39m - [multipleStoresDetected,262] - Multiple Spring Data modules found, entering strict repository configuration mode
22:43:17.825 [32m[main][0;39m INFO  [34mo.s.d.r.c.RepositoryConfigurationDelegate[0;39m - [registerRepositoriesIn,132] - Bootstrapping Spring Data Redis repositories in DEFAULT mode.
22:43:17.844 [32m[main][0;39m INFO  [34mo.s.d.r.c.RepositoryConfigurationDelegate[0;39m - [registerRepositoriesIn,201] - Finished Spring Data repository scanning in 10 ms. Found 0 Redis repository interfaces.
22:43:18.200 [32m[main][0;39m INFO  [34mo.s.c.c.s.GenericScope[0;39m - [setSerializationId,283] - BeanFactory id=ac835398-5751-3669-9c6b-6ca53cd23185
22:43:18.418 [32m[main][0;39m INFO  [34mo.s.c.s.PostProcessorRegistrationDelegate$BeanPostProcessorChecker[0;39m - [postProcessAfterInitialization,376] - Bean 'cn.fuguang.common.redis.configure.RedisConfig' of type [cn.fuguang.common.redis.configure.RedisConfig$$EnhancerBySpringCGLIB$$46b04a32] is not eligible for getting processed by all BeanPostProcessors (for example: not eligible for auto-proxying)
22:43:18.887 [32m[main][0;39m INFO  [34mo.s.b.w.e.t.TomcatWebServer[0;39m - [initialize,108] - Tomcat initialized with port(s): 9960 (http)
22:43:18.903 [32m[main][0;39m INFO  [34mo.a.c.h.Http11NioProtocol[0;39m - [log,173] - Initializing ProtocolHandler ["http-nio-9960"]
22:43:18.904 [32m[main][0;39m INFO  [34mo.a.c.c.StandardService[0;39m - [log,173] - Starting service [Tomcat]
22:43:18.904 [32m[main][0;39m INFO  [34mo.a.c.c.StandardEngine[0;39m - [log,173] - Starting Servlet engine: [Apache Tomcat/9.0.70]
22:43:19.239 [32m[main][0;39m INFO  [34mo.a.c.c.C.[.[.[/order][0;39m - [log,173] - Initializing Spring embedded WebApplicationContext
22:43:19.240 [32m[main][0;39m INFO  [34mo.s.b.w.s.c.ServletWebServerApplicationContext[0;39m - [prepareWebApplicationContext,292] - Root WebApplicationContext: initialization completed in 3181 ms
22:43:19.436 [32m[main][0;39m INFO  [34mc.a.d.s.b.a.DruidDataSourceAutoConfigure[0;39m - [dataSource,55] - Init DruidDataSource
22:43:19.605 [32m[main][0;39m INFO  [34mc.a.d.p.DruidDataSource[0;39m - [init,985] - {dataSource-1} inited
22:43:20.191 [32m[main][0;39m INFO  [34morg.redisson.Version[0;39m - [logVersion,41] - Redisson 3.13.6
22:43:20.989 [32m[redisson-netty-2-23][0;39m INFO  [34mo.r.c.p.MasterPubSubConnectionPool[0;39m - [lambda$run$0,167] - 1 connections initialized for /117.78.8.197:6379
22:43:21.111 [32m[redisson-netty-2-18][0;39m INFO  [34mo.r.c.p.MasterConnectionPool[0;39m - [lambda$run$0,167] - 24 connections initialized for /117.78.8.197:6379
22:43:21.708 [32m[main][0;39m INFO  [34mo.s.c.o.FeignClientFactoryBean[0;39m - [getTarget,418] - For 'container-channel' URL not provided. Will try picking an instance via load-balancing.
22:43:22.272 [32m[main][0;39m INFO  [34mc.a.d.p.DruidDataSource[0;39m - [close,2105] - {dataSource-1} closing ...
22:43:22.276 [32m[main][0;39m INFO  [34mc.a.d.p.DruidDataSource[0;39m - [close,2178] - {dataSource-1} closed
22:43:22.285 [32m[main][0;39m INFO  [34mo.a.c.c.StandardService[0;39m - [log,173] - Stopping service [Tomcat]
22:43:22.322 [32m[main][0;39m INFO  [34mo.s.b.a.l.ConditionEvaluationReportLoggingListener[0;39m - [logMessage,136] - 

Error starting ApplicationContext. To display the conditions report re-run your application with 'debug' enabled.
22:45:41.951 [32m[main][0;39m INFO  [34mc.a.n.c.r.client[0;39m - [lambda$createClient$0,80] - [RpcClientFactory] create a new rpc client of 69316576-a9df-48ec-a7d5-26fb571b3cbb_config-0
22:45:42.019 [32m[main][0;39m INFO  [34mo.r.Reflections[0;39m - [scan,232] - Reflections took 40 ms to scan 1 urls, producing 3 keys and 6 values 
22:45:42.056 [32m[main][0;39m INFO  [34mo.r.Reflections[0;39m - [scan,232] - Reflections took 15 ms to scan 1 urls, producing 4 keys and 9 values 
22:45:42.077 [32m[main][0;39m INFO  [34mo.r.Reflections[0;39m - [scan,232] - Reflections took 17 ms to scan 1 urls, producing 3 keys and 10 values 
22:45:42.212 [32m[main][0;39m INFO  [34mo.r.Reflections[0;39m - [scan,232] - Reflections took 127 ms to scan 198 urls, producing 0 keys and 0 values 
22:45:42.224 [32m[main][0;39m INFO  [34mo.r.Reflections[0;39m - [scan,232] - Reflections took 9 ms to scan 1 urls, producing 1 keys and 5 values 
22:45:42.242 [32m[main][0;39m INFO  [34mo.r.Reflections[0;39m - [scan,232] - Reflections took 13 ms to scan 1 urls, producing 1 keys and 7 values 
22:45:42.263 [32m[main][0;39m INFO  [34mo.r.Reflections[0;39m - [scan,232] - Reflections took 14 ms to scan 1 urls, producing 2 keys and 8 values 
22:45:42.385 [32m[main][0;39m INFO  [34mo.r.Reflections[0;39m - [scan,232] - Reflections took 118 ms to scan 198 urls, producing 0 keys and 0 values 
22:45:42.389 [32m[main][0;39m INFO  [34mc.a.n.c.r.client[0;39m - [printIfInfoEnabled,60] - [69316576-a9df-48ec-a7d5-26fb571b3cbb_config-0] RpcClient init label, labels = {module=config, Vipserver-Tag=null, source=sdk, Amory-Tag=null, Location-Tag=null, taskId=0, AppName=unknown}
22:45:42.395 [32m[main][0;39m INFO  [34mc.a.n.c.r.client[0;39m - [printIfInfoEnabled,60] - [69316576-a9df-48ec-a7d5-26fb571b3cbb_config-0] Register server push request handler:com.alibaba.nacos.client.config.impl.ClientWorker$ConfigRpcTransportClient$$Lambda$325/2136419383
22:45:42.395 [32m[main][0;39m INFO  [34mc.a.n.c.r.client[0;39m - [printIfInfoEnabled,60] - [69316576-a9df-48ec-a7d5-26fb571b3cbb_config-0] Register server push request handler:com.alibaba.nacos.client.config.impl.ClientWorker$ConfigRpcTransportClient$$Lambda$326/719146276
22:45:42.396 [32m[main][0;39m INFO  [34mc.a.n.c.r.client[0;39m - [printIfInfoEnabled,60] - [69316576-a9df-48ec-a7d5-26fb571b3cbb_config-0] Registry connection listener to current client:com.alibaba.nacos.client.config.impl.ClientWorker$ConfigRpcTransportClient$1
22:45:42.397 [32m[main][0;39m INFO  [34mc.a.n.c.r.client[0;39m - [printIfInfoEnabled,60] - [69316576-a9df-48ec-a7d5-26fb571b3cbb_config-0] RpcClient init, ServerListFactory = com.alibaba.nacos.client.config.impl.ClientWorker$ConfigRpcTransportClient$2
22:45:42.404 [32m[main][0;39m INFO  [34mc.a.n.c.r.client[0;39m - [printIfInfoEnabled,60] - [69316576-a9df-48ec-a7d5-26fb571b3cbb_config-0] Try to connect to server on start up, server: {serverIp = '123.249.79.51', server main port = 8848}
22:45:43.037 [32m[main][0;39m INFO  [34mc.a.n.c.r.client[0;39m - [printIfInfoEnabled,60] - [69316576-a9df-48ec-a7d5-26fb571b3cbb_config-0] Success to connect to server [123.249.79.51:8848] on start up, connectionId = 1715870742936_111.194.79.77_6408
22:45:43.040 [32m[com.alibaba.nacos.client.remote.worker][0;39m INFO  [34mc.a.n.c.r.client[0;39m - [printIfInfoEnabled,60] - [69316576-a9df-48ec-a7d5-26fb571b3cbb_config-0] Notify connected event to listeners.
22:45:43.041 [32m[main][0;39m INFO  [34mc.a.n.c.r.client[0;39m - [printIfInfoEnabled,60] - [69316576-a9df-48ec-a7d5-26fb571b3cbb_config-0] Register server push request handler:com.alibaba.nacos.common.remote.client.RpcClient$ConnectResetRequestHandler
22:45:43.043 [32m[main][0;39m INFO  [34mc.a.n.c.r.client[0;39m - [printIfInfoEnabled,60] - [69316576-a9df-48ec-a7d5-26fb571b3cbb_config-0] Register server push request handler:com.alibaba.nacos.common.remote.client.RpcClient$$Lambda$334/608174634
22:45:43.144 [32m[main][0;39m INFO  [34mo.s.c.b.c.PropertySourceBootstrapConfiguration[0;39m - [initialize,109] - Located property source: [BootstrapPropertySource {name='bootstrapProperties-container-order-dev.yaml,CONTAINER_GROUP'}, BootstrapPropertySource {name='bootstrapProperties-container-order.yaml,CONTAINER_GROUP'}, BootstrapPropertySource {name='bootstrapProperties-container-order,CONTAINER_GROUP'}]
22:45:43.192 [32m[main][0;39m INFO  [34mc.f.o.ContainerOrderApplication[0;39m - [logStartupProfileInfo,637] - The following 1 profile is active: "dev"
22:45:44.499 [32m[main][0;39m INFO  [34mo.s.d.r.c.RepositoryConfigurationDelegate[0;39m - [multipleStoresDetected,262] - Multiple Spring Data modules found, entering strict repository configuration mode
22:45:44.502 [32m[main][0;39m INFO  [34mo.s.d.r.c.RepositoryConfigurationDelegate[0;39m - [registerRepositoriesIn,132] - Bootstrapping Spring Data Redis repositories in DEFAULT mode.
22:45:44.523 [32m[main][0;39m INFO  [34mo.s.d.r.c.RepositoryConfigurationDelegate[0;39m - [registerRepositoriesIn,201] - Finished Spring Data repository scanning in 11 ms. Found 0 Redis repository interfaces.
22:45:44.865 [32m[main][0;39m INFO  [34mo.s.c.c.s.GenericScope[0;39m - [setSerializationId,283] - BeanFactory id=ac835398-5751-3669-9c6b-6ca53cd23185
22:45:45.050 [32m[main][0;39m INFO  [34mo.s.c.s.PostProcessorRegistrationDelegate$BeanPostProcessorChecker[0;39m - [postProcessAfterInitialization,376] - Bean 'cn.fuguang.common.redis.configure.RedisConfig' of type [cn.fuguang.common.redis.configure.RedisConfig$$EnhancerBySpringCGLIB$$ee82fb1b] is not eligible for getting processed by all BeanPostProcessors (for example: not eligible for auto-proxying)
22:45:45.427 [32m[main][0;39m INFO  [34mo.s.b.w.e.t.TomcatWebServer[0;39m - [initialize,108] - Tomcat initialized with port(s): 9960 (http)
22:45:45.438 [32m[main][0;39m INFO  [34mo.a.c.h.Http11NioProtocol[0;39m - [log,173] - Initializing ProtocolHandler ["http-nio-9960"]
22:45:45.439 [32m[main][0;39m INFO  [34mo.a.c.c.StandardService[0;39m - [log,173] - Starting service [Tomcat]
22:45:45.440 [32m[main][0;39m INFO  [34mo.a.c.c.StandardEngine[0;39m - [log,173] - Starting Servlet engine: [Apache Tomcat/9.0.70]
22:45:45.619 [32m[main][0;39m INFO  [34mo.a.c.c.C.[.[.[/order][0;39m - [log,173] - Initializing Spring embedded WebApplicationContext
22:45:45.619 [32m[main][0;39m INFO  [34mo.s.b.w.s.c.ServletWebServerApplicationContext[0;39m - [prepareWebApplicationContext,292] - Root WebApplicationContext: initialization completed in 2400 ms
22:45:45.757 [32m[main][0;39m INFO  [34mc.a.d.s.b.a.DruidDataSourceAutoConfigure[0;39m - [dataSource,55] - Init DruidDataSource
22:45:45.882 [32m[main][0;39m INFO  [34mc.a.d.p.DruidDataSource[0;39m - [init,985] - {dataSource-1} inited
22:45:46.381 [32m[main][0;39m INFO  [34morg.redisson.Version[0;39m - [logVersion,41] - Redisson 3.13.6
22:45:47.012 [32m[redisson-netty-2-20][0;39m INFO  [34mo.r.c.p.MasterPubSubConnectionPool[0;39m - [lambda$run$0,167] - 1 connections initialized for /117.78.8.197:6379
22:45:47.110 [32m[redisson-netty-2-17][0;39m INFO  [34mo.r.c.p.MasterConnectionPool[0;39m - [lambda$run$0,167] - 24 connections initialized for /117.78.8.197:6379
22:45:47.647 [32m[main][0;39m INFO  [34mo.s.c.o.FeignClientFactoryBean[0;39m - [getTarget,418] - For 'container-channel' URL not provided. Will try picking an instance via load-balancing.
22:45:48.156 [32m[main][0;39m INFO  [34mc.a.d.p.DruidDataSource[0;39m - [close,2105] - {dataSource-1} closing ...
22:45:48.159 [32m[main][0;39m INFO  [34mc.a.d.p.DruidDataSource[0;39m - [close,2178] - {dataSource-1} closed
22:45:48.165 [32m[main][0;39m INFO  [34mo.a.c.c.StandardService[0;39m - [log,173] - Stopping service [Tomcat]
22:45:48.212 [32m[main][0;39m INFO  [34mo.s.b.a.l.ConditionEvaluationReportLoggingListener[0;39m - [logMessage,136] - 

Error starting ApplicationContext. To display the conditions report re-run your application with 'debug' enabled.
